﻿  Determinando los proyectos que se van a restaurar...
  Todos los proyectos est├ín actualizados para la restauraci├│n.
  Prueba1 -> C:\Users\czalb\Downloads\edelion\ImpactX-backend-apis\ImpactXv1\bin\Debug\net10.0\Prueba1.dll
  Prueba1.Tests -> C:\Users\czalb\Downloads\edelion\ImpactX-backend-apis\Prueba1.Tests\bin\Debug\net10.0\Prueba1.Tests.dll
Serie de pruebas para C:\Users\czalb\Downloads\edelion\ImpactX-backend-apis\Prueba1.Tests\bin\Debug\net10.0\Prueba1.Tests.dll (.NETCoreApp,Version=v10.0)
1 archivos de prueba en total coincidieron con el patr├│n especificado.
C:\Users\czalb\Downloads\edelion\ImpactX-backend-apis\Prueba1.Tests\bin\Debug\net10.0\Prueba1.Tests.dll
[xUnit.net 00:00:00.00] xUnit.net VSTest Adapter v3.1.4+50e68bbb8b (64-bit .NET 10.0.8)
[xUnit.net 00:00:00.19]   Discovering: Prueba1.Tests
[xUnit.net 00:00:00.31]   Discovered:  Prueba1.Tests
[xUnit.net 00:00:00.40]   Starting:    Prueba1.Tests
  Correctas Prueba1.Tests.Unit.AuthServiceTests.RegisterAsync_WithNewEmail_ReturnsSuccess [290 ms]
  Correctas Prueba1.Tests.Unit.AuthServiceTests.LogoutAsync_RevokesToken [19 ms]
  Correctas Prueba1.Tests.Unit.AuthServiceTests.ChangePasswordAsync_WithCorrectCurrentPassword_ReturnsSuccess [14 ms]
  Correctas Prueba1.Tests.Unit.AuthServiceTests.RecoverPasswordAsync_WithExistingEmail_ReturnsSuccess [8 ms]
  Correctas Prueba1.Tests.Unit.AuthServiceTests.RegisterAsync_WithExistingEmail_ReturnsConflict [3 ms]
  Correctas Prueba1.Tests.Unit.AuthServiceTests.LoginAsync_WithValidCredentials_ReturnsSuccess [8 ms]
  Correctas Prueba1.Tests.Unit.AuthServiceTests.ResetPasswordAsync_WithExpiredToken_ReturnsError [4 ms]
  Correctas Prueba1.Tests.Unit.AuthServiceTests.GetSessionsAsync_ReturnsActiveSessions [14 ms]
dbug: Microsoft.Extensions.Hosting.Internal.Host[1]
      Hosting starting
info: Microsoft.AspNetCore.DataProtection.KeyManagement.XmlKeyManager[63]
      User profile is available. Using 'C:\Users\czalb\AppData\Local\ASP.NET\DataProtection-Keys' as key repository and Windows DPAPI to encrypt keys at rest.
info: Microsoft.Hosting.Lifetime[0]
      Application started. Press Ctrl+C to shut down.
info: Microsoft.Hosting.Lifetime[0]
      Hosting environment: Development
info: Microsoft.Hosting.Lifetime[0]
      Content root path: C:\Users\czalb\Downloads\edelion\ImpactX-backend-apis\ImpactXv1
dbug: Microsoft.Extensions.Hosting.Internal.Host[2]
      Hosting started
info: Microsoft.AspNetCore.Hosting.Diagnostics[1]
      Request starting HTTP/1.1 POST http://localhost/api/auth/register - application/json;+charset=utf-8 112
warn: Microsoft.AspNetCore.HttpsPolicy.HttpsRedirectionMiddleware[3]
      Failed to determine the https port for redirect.
info: Microsoft.AspNetCore.Routing.EndpointMiddleware[0]
      Executing endpoint 'Prueba1.Controllers.AuthController.Register (Prueba1)'
info: Microsoft.AspNetCore.Mvc.Infrastructure.ControllerActionInvoker[102]
      Route matched with {action = "Register", controller = "Auth"}. Executing controller action with signature System.Threading.Tasks.Task`1[Microsoft.AspNetCore.Mvc.IActionResult] Register(Prueba1.Models.DTOs.RegisterRequest) on controller Prueba1.Controllers.AuthController (Prueba1).
  Correctas Prueba1.Tests.Unit.AuthServiceTests.ResetPasswordAsync_WithValidToken_ReturnsSuccess [6 ms]
  Correctas Prueba1.Tests.Unit.AuthServiceTests.RecoverPasswordAsync_WithNonExistentEmail_ReturnsGenericMessage [1 ms]
  Correctas Prueba1.Tests.Unit.AuthServiceTests.ExportAccountAsync_ReturnsUserData [6 ms]
  Correctas Prueba1.Tests.Unit.AuthServiceTests.DeleteAccountAsync_MarksUserAsInactive [5 ms]
  Correctas Prueba1.Tests.Unit.AuthServiceTests.LoginAsync_WithInvalidPassword_ReturnsUnauthorized [2 ms]
  Correctas Prueba1.Tests.Unit.AuthServiceTests.ChangePasswordAsync_WithWrongCurrentPassword_ReturnsError [3 ms]
  Correctas Prueba1.Tests.Unit.AuthServiceTests.LoginAsync_WithInactiveAccount_ReturnsUnauthorized [1 ms]
info: Microsoft.AspNetCore.Mvc.Infrastructure.ControllerActionInvoker[105]
      Executed action Prueba1.Controllers.AuthController.Register (Prueba1) in 695.9283ms
info: Microsoft.AspNetCore.Routing.EndpointMiddleware[1]
      Executed endpoint 'Prueba1.Controllers.AuthController.Register (Prueba1)'
fail: Prueba1.Middleware.ExceptionHandlingMiddleware[0]
      Error no controlado: The entity type 'PermisosPlataforma' requires a primary key to be defined. If you intended to use a keyless entity type, call 'HasNoKey' in 'OnModelCreating'. For more information on keyless entity types, see https://go.microsoft.com/fwlink/?linkid=2141943.
      System.InvalidOperationException: The entity type 'PermisosPlataforma' requires a primary key to be defined. If you intended to use a keyless entity type, call 'HasNoKey' in 'OnModelCreating'. For more information on keyless entity types, see https://go.microsoft.com/fwlink/?linkid=2141943.
         at Microsoft.EntityFrameworkCore.Infrastructure.ModelValidator.ValidateNonNullPrimaryKeys(IModel model, IDiagnosticsLogger`1 logger)
         at Microsoft.EntityFrameworkCore.Infrastructure.ModelValidator.Validate(IModel model, IDiagnosticsLogger`1 logger)
         at Microsoft.EntityFrameworkCore.InMemory.Infrastructure.Internal.InMemoryModelValidator.Validate(IModel model, IDiagnosticsLogger`1 logger)
         at Microsoft.EntityFrameworkCore.Infrastructure.ModelRuntimeInitializer.Initialize(IModel model, Boolean designTime, IDiagnosticsLogger`1 validationLogger)
         at Microsoft.EntityFrameworkCore.Infrastructure.ModelSource.CreateModel(DbContext context, ModelCreationDependencies modelCreationDependencies, Boolean designTime)
         at Microsoft.EntityFrameworkCore.Infrastructure.ModelSource.GetModel(DbContext context, ModelCreationDependencies modelCreationDependencies, Boolean designTime)
         at Microsoft.EntityFrameworkCore.Internal.DbContextServices.CreateModel(Boolean designTime)
         at Microsoft.EntityFrameworkCore.Internal.DbContextServices.get_Model()
         at Microsoft.EntityFrameworkCore.Infrastructure.EntityFrameworkServicesBuilder.<>c.<TryAddCoreServices>b__8_4(IServiceProvider p)
         at Microsoft.Extensions.DependencyInjection.ServiceLookup.CallSiteRuntimeResolver.VisitFactory(FactoryCallSite factoryCallSite, RuntimeResolverContext context)
         at Microsoft.Extensions.DependencyInjection.ServiceLookup.CallSiteVisitor`2.VisitCallSiteMain(ServiceCallSite callSite, TArgument argument)
         at Microsoft.Extensions.DependencyInjection.ServiceLookup.CallSiteRuntimeResolver.VisitCache(ServiceCallSite callSite, RuntimeResolverContext context, ServiceProviderEngineScope serviceProviderEngine, RuntimeResolverLock lockType)
         at Microsoft.Extensions.DependencyInjection.ServiceLookup.CallSiteRuntimeResolver.VisitScopeCache(ServiceCallSite callSite, RuntimeResolverContext context)
         at Microsoft.Extensions.DependencyInjection.ServiceLookup.CallSiteVisitor`2.VisitCallSite(ServiceCallSite callSite, TArgument argument)
         at Microsoft.Extensions.DependencyInjection.ServiceLookup.CallSiteRuntimeResolver.VisitConstructor(ConstructorCallSite constructorCallSite, RuntimeResolverContext context)
         at Microsoft.Extensions.DependencyInjection.ServiceLookup.CallSiteVisitor`2.VisitCallSiteMain(ServiceCallSite callSite, TArgument argument)
         at Microsoft.Extensions.DependencyInjection.ServiceLookup.CallSiteRuntimeResolver.VisitCache(ServiceCallSite callSite, RuntimeResolverContext context, ServiceProviderEngineScope serviceProviderEngine, RuntimeResolverLock lockType)
         at Microsoft.Extensions.DependencyInjection.ServiceLookup.CallSiteRuntimeResolver.VisitScopeCache(ServiceCallSite callSite, RuntimeResolverContext context)
         at Microsoft.Extensions.DependencyInjection.ServiceLookup.CallSiteVisitor`2.VisitCallSite(ServiceCallSite callSite, TArgument argument)
         at Microsoft.Extensions.DependencyInjection.ServiceLookup.CallSiteRuntimeResolver.VisitConstructor(ConstructorCallSite constructorCallSite, RuntimeResolverContext context)
         at Microsoft.Extensions.DependencyInjection.ServiceLookup.CallSiteVisitor`2.VisitCallSiteMain(ServiceCallSite callSite, TArgument argument)
         at Microsoft.Extensions.DependencyInjection.ServiceLookup.CallSiteRuntimeResolver.VisitCache(ServiceCallSite callSite, RuntimeResolverContext context, ServiceProviderEngineScope serviceProviderEngine, RuntimeResolverLock lockType)
         at Microsoft.Extensions.DependencyInjection.ServiceLookup.CallSiteRuntimeResolver.VisitScopeCache(ServiceCallSite callSite, RuntimeResolverContext context)
         at Microsoft.Extensions.DependencyInjection.ServiceLookup.CallSiteVisitor`2.VisitCallSite(ServiceCallSite callSite, TArgument argument)
         at Microsoft.Extensions.DependencyInjection.ServiceLookup.CallSiteRuntimeResolver.VisitConstructor(ConstructorCallSite constructorCallSite, RuntimeResolverContext context)
         at Microsoft.Extensions.DependencyInjection.ServiceLookup.CallSiteVisitor`2.VisitCallSiteMain(ServiceCallSite callSite, TArgument argument)
         at Microsoft.Extensions.DependencyInjection.ServiceLookup.CallSiteRuntimeResolver.VisitCache(ServiceCallSite callSite, RuntimeResolverContext context, ServiceProviderEngineScope serviceProviderEngine, RuntimeResolverLock lockType)
         at Microsoft.Extensions.DependencyInjection.ServiceLookup.CallSiteRuntimeResolver.VisitScopeCache(ServiceCallSite callSite, RuntimeResolverContext context)
         at Microsoft.Extensions.DependencyInjection.ServiceLookup.CallSiteVisitor`2.VisitCallSite(ServiceCallSite callSite, TArgument argument)
         at Microsoft.Extensions.DependencyInjection.ServiceLookup.CallSiteRuntimeResolver.VisitConstructor(ConstructorCallSite constructorCallSite, RuntimeResolverContext context)
         at Microsoft.Extensions.DependencyInjection.ServiceLookup.CallSiteVisitor`2.VisitCallSiteMain(ServiceCallSite callSite, TArgument argument)
         at Microsoft.Extensions.DependencyInjection.ServiceLookup.CallSiteRuntimeResolver.VisitCache(ServiceCallSite callSite, RuntimeResolverContext context, ServiceProviderEngineScope serviceProviderEngine, RuntimeResolverLock lockType)
         at Microsoft.Extensions.DependencyInjection.ServiceLookup.CallSiteRuntimeResolver.VisitScopeCache(ServiceCallSite callSite, RuntimeResolverContext context)
         at Microsoft.Extensions.DependencyInjection.ServiceLookup.CallSiteVisitor`2.VisitCallSite(ServiceCallSite callSite, TArgument argument)
         at Microsoft.Extensions.DependencyInjection.ServiceLookup.CallSiteRuntimeResolver.VisitConstructor(ConstructorCallSite constructorCallSite, RuntimeResolverContext context)
         at Microsoft.Extensions.DependencyInjection.ServiceLookup.CallSiteVisitor`2.VisitCallSiteMain(ServiceCallSite callSite, TArgument argument)
         at Microsoft.Extensions.DependencyInjection.ServiceLookup.CallSiteRuntimeResolver.VisitCache(ServiceCallSite callSite, RuntimeResolverContext context, ServiceProviderEngineScope serviceProviderEngine, RuntimeResolverLock lockType)
         at Microsoft.Extensions.DependencyInjection.ServiceLookup.CallSiteRuntimeResolver.VisitScopeCache(ServiceCallSite callSite, RuntimeResolverContext context)
         at Microsoft.Extensions.DependencyInjection.ServiceLookup.CallSiteVisitor`2.VisitCallSite(ServiceCallSite callSite, TArgument argument)
         at Microsoft.Extensions.DependencyInjection.ServiceLookup.CallSiteRuntimeResolver.Resolve(ServiceCallSite callSite, ServiceProviderEngineScope scope)
         at Microsoft.Extensions.DependencyInjection.ServiceLookup.DynamicServiceProviderEngine.<>c__DisplayClass2_0.<RealizeService>b__0(ServiceProviderEngineScope scope)
         at Microsoft.Extensions.DependencyInjection.ServiceProvider.GetService(ServiceIdentifier serviceIdentifier, ServiceProviderEngineScope serviceProviderEngineScope)
         at Microsoft.Extensions.DependencyInjection.ServiceLookup.ServiceProviderEngineScope.GetService(Type serviceType)
         at Microsoft.Extensions.DependencyInjection.ServiceProviderServiceExtensions.GetRequiredService(IServiceProvider provider, Type serviceType)
         at Microsoft.Extensions.DependencyInjection.ServiceProviderServiceExtensions.GetRequiredService[T](IServiceProvider provider)
         at Microsoft.EntityFrameworkCore.DbContext.get_DbContextDependencies()
         at Microsoft.EntityFrameworkCore.DbContext.get_ContextServices()
         at Microsoft.EntityFrameworkCore.DbContext.get_InternalServiceProvider()
         at Microsoft.EntityFrameworkCore.DbContext.get_DbContextDependencies()
         at Microsoft.EntityFrameworkCore.DbContext.Set[TEntity]()
         at Prueba1.Infrastructure.Data.ApplicationDbContext.get_Usuarios() in C:\Users\czalb\Downloads\edelion\ImpactX-backend-apis\ImpactXv1\Infrastructure\Data\ApplicationDbContext.cs:line 13
         at Prueba1.Infrastructure.Data.Repositories.EF.UsuarioRepository.ExistsByCorreoAsync(String correo) in C:\Users\czalb\Downloads\edelion\ImpactX-backend-apis\ImpactXv1\Infrastructure\Data\Repositories\EF\UsuarioRepository.cs:line 45
         at Prueba1.Services.AuthService.RegisterAsync(RegisterRequest request) in C:\Users\czalb\Downloads\edelion\ImpactX-backend-apis\ImpactXv1\Services\AuthService.cs:line 35
         at Prueba1.Controllers.AuthController.Register(RegisterRequest request) in C:\Users\czalb\Downloads\edelion\ImpactX-backend-apis\ImpactXv1\Controllers\AuthController.cs:line 23
         at Microsoft.AspNetCore.Mvc.Infrastructure.ActionMethodExecutor.TaskOfIActionResultExecutor.Execute(ActionContext actionContext, IActionResultTypeMapper mapper, ObjectMethodExecutor executor, Object controller, Object[] arguments)
         at Microsoft.AspNetCore.Mvc.Infrastructure.ControllerActionInvoker.<InvokeActionMethodAsync>g__Awaited|12_0(ControllerActionInvoker invoker, ValueTask`1 actionResultValueTask)
         at Microsoft.AspNetCore.Mvc.Infrastructure.ControllerActionInvoker.<InvokeNextActionFilterAsync>g__Awaited|10_0(ControllerActionInvoker invoker, Task lastTask, State next, Scope scope, Object state, Boolean isCompleted)
         at Microsoft.AspNetCore.Mvc.Infrastructure.ControllerActionInvoker.Rethrow(ActionExecutedContextSealed context)
         at Microsoft.AspNetCore.Mvc.Infrastructure.ControllerActionInvoker.Next(State& next, Scope& scope, Object& state, Boolean& isCompleted)
         at Microsoft.AspNetCore.Mvc.Infrastructure.ControllerActionInvoker.InvokeInnerFilterAsync()
      --- End of stack trace from previous location ---
         at Microsoft.AspNetCore.Mvc.Infrastructure.ResourceInvoker.<InvokeFilterPipelineAsync>g__Awaited|20_0(ResourceInvoker invoker, Task lastTask, State next, Scope scope, Object state, Boolean isCompleted)
         at Microsoft.AspNetCore.Mvc.Infrastructure.ResourceInvoker.<InvokeAsync>g__Logged|17_1(ResourceInvoker invoker)
         at Microsoft.AspNetCore.Mvc.Infrastructure.ResourceInvoker.<InvokeAsync>g__Logged|17_1(ResourceInvoker invoker)
         at Microsoft.AspNetCore.Routing.EndpointMiddleware.<Invoke>g__AwaitRequestTask|7_0(Endpoint endpoint, Task requestTask, ILogger logger)
         at Microsoft.AspNetCore.Authorization.AuthorizationMiddleware.Invoke(HttpContext context)
         at Microsoft.AspNetCore.Authentication.AuthenticationMiddleware.Invoke(HttpContext context)
         at Swashbuckle.AspNetCore.SwaggerUI.SwaggerUIMiddleware.Invoke(HttpContext httpContext)
         at Prueba1.Middleware.SecurityHeadersMiddleware.InvokeAsync(HttpContext context) in C:\Users\czalb\Downloads\edelion\ImpactX-backend-apis\ImpactXv1\Middleware\SecurityHeadersMiddleware.cs:line 26
         at Prueba1.Middleware.RequestLoggingMiddleware.InvokeAsync(HttpContext context) in C:\Users\czalb\Downloads\edelion\ImpactX-backend-apis\ImpactXv1\Middleware\RequestLoggingMiddleware.cs:line 22
         at Prueba1.Middleware.ExceptionHandlingMiddleware.InvokeAsync(HttpContext context) in C:\Users\czalb\Downloads\edelion\ImpactX-backend-apis\ImpactXv1\Middleware\ExceptionHandlingMiddleware.cs:line 22
info: Microsoft.AspNetCore.Hosting.Diagnostics[2]
      Request finished HTTP/1.1 POST http://localhost/api/auth/register - 500 - application/json 889.9977ms
info: Microsoft.AspNetCore.Hosting.Diagnostics[1]
      Request starting HTTP/1.1 POST http://localhost/api/auth/login - application/json;+charset=utf-8 90
info: Microsoft.AspNetCore.Routing.EndpointMiddleware[0]
      Executing endpoint 'Prueba1.Controllers.AuthController.Login (Prueba1)'
info: Microsoft.AspNetCore.Mvc.Infrastructure.ControllerActionInvoker[102]
      Route matched with {action = "Login", controller = "Auth"}. Executing controller action with signature System.Threading.Tasks.Task`1[Microsoft.AspNetCore.Mvc.IActionResult] Login(Prueba1.Models.DTOs.LoginRequest) on controller Prueba1.Controllers.AuthController (Prueba1).
info: Microsoft.AspNetCore.Mvc.Infrastructure.ControllerActionInvoker[105]
      Executed action Prueba1.Controllers.AuthController.Login (Prueba1) in 36.5628ms
info: Microsoft.AspNetCore.Routing.EndpointMiddleware[1]
      Executed endpoint 'Prueba1.Controllers.AuthController.Login (Prueba1)'
fail: Prueba1.Middleware.ExceptionHandlingMiddleware[0]
      Error no controlado: The entity type 'PermisosPlataforma' requires a primary key to be defined. If you intended to use a keyless entity type, call 'HasNoKey' in 'OnModelCreating'. For more information on keyless entity types, see https://go.microsoft.com/fwlink/?linkid=2141943.
      System.InvalidOperationException: The entity type 'PermisosPlataforma' requires a primary key to be defined. If you intended to use a keyless entity type, call 'HasNoKey' in 'OnModelCreating'. For more information on keyless entity types, see https://go.microsoft.com/fwlink/?linkid=2141943.
         at Microsoft.EntityFrameworkCore.Infrastructure.ModelValidator.ValidateNonNullPrimaryKeys(IModel model, IDiagnosticsLogger`1 logger)
         at Microsoft.EntityFrameworkCore.Infrastructure.ModelValidator.Validate(IModel model, IDiagnosticsLogger`1 logger)
         at Microsoft.EntityFrameworkCore.InMemory.Infrastructure.Internal.InMemoryModelValidator.Validate(IModel model, IDiagnosticsLogger`1 logger)
         at Microsoft.EntityFrameworkCore.Infrastructure.ModelRuntimeInitializer.Initialize(IModel model, Boolean designTime, IDiagnosticsLogger`1 validationLogger)
         at Microsoft.EntityFrameworkCore.Infrastructure.ModelSource.CreateModel(DbContext context, ModelCreationDependencies modelCreationDependencies, Boolean designTime)
         at Microsoft.EntityFrameworkCore.Infrastructure.ModelSource.GetModel(DbContext context, ModelCreationDependencies modelCreationDependencies, Boolean designTime)
         at Microsoft.EntityFrameworkCore.Internal.DbContextServices.CreateModel(Boolean designTime)
         at Microsoft.EntityFrameworkCore.Internal.DbContextServices.get_Model()
         at Microsoft.EntityFrameworkCore.Infrastructure.EntityFrameworkServicesBuilder.<>c.<TryAddCoreServices>b__8_4(IServiceProvider p)
         at Microsoft.Extensions.DependencyInjection.ServiceLookup.CallSiteRuntimeResolver.VisitFactory(FactoryCallSite factoryCallSite, RuntimeResolverContext context)
         at Microsoft.Extensions.DependencyInjection.ServiceLookup.CallSiteVisitor`2.VisitCallSiteMain(ServiceCallSite callSite, TArgument argument)
         at Microsoft.Extensions.DependencyInjection.ServiceLookup.CallSiteRuntimeResolver.VisitCache(ServiceCallSite callSite, RuntimeResolverContext context, ServiceProviderEngineScope serviceProviderEngine, RuntimeResolverLock lockType)
         at Microsoft.Extensions.DependencyInjection.ServiceLookup.CallSiteRuntimeResolver.VisitScopeCache(ServiceCallSite callSite, RuntimeResolverContext context)
         at Microsoft.Extensions.DependencyInjection.ServiceLookup.CallSiteVisitor`2.VisitCallSite(ServiceCallSite callSite, TArgument argument)
         at Microsoft.Extensions.DependencyInjection.ServiceLookup.CallSiteRuntimeResolver.VisitConstructor(ConstructorCallSite constructorCallSite, RuntimeResolverContext context)
         at Microsoft.Extensions.DependencyInjection.ServiceLookup.CallSiteVisitor`2.VisitCallSiteMain(ServiceCallSite callSite, TArgument argument)
         at Microsoft.Extensions.DependencyInjection.ServiceLookup.CallSiteRuntimeResolver.VisitCache(ServiceCallSite callSite, RuntimeResolverContext context, ServiceProviderEngineScope serviceProviderEngine, RuntimeResolverLock lockType)
         at Microsoft.Extensions.DependencyInjection.ServiceLookup.CallSiteRuntimeResolver.VisitScopeCache(ServiceCallSite callSite, RuntimeResolverContext context)
         at Microsoft.Extensions.DependencyInjection.ServiceLookup.CallSiteVisitor`2.VisitCallSite(ServiceCallSite callSite, TArgument argument)
         at Microsoft.Extensions.DependencyInjection.ServiceLookup.CallSiteRuntimeResolver.VisitConstructor(ConstructorCallSite constructorCallSite, RuntimeResolverContext context)
         at Microsoft.Extensions.DependencyInjection.ServiceLookup.CallSiteVisitor`2.VisitCallSiteMain(ServiceCallSite callSite, TArgument argument)
         at Microsoft.Extensions.DependencyInjection.ServiceLookup.CallSiteRuntimeResolver.VisitCache(ServiceCallSite callSite, RuntimeResolverContext context, ServiceProviderEngineScope serviceProviderEngine, RuntimeResolverLock lockType)
         at Microsoft.Extensions.DependencyInjection.ServiceLookup.CallSiteRuntimeResolver.VisitScopeCache(ServiceCallSite callSite, RuntimeResolverContext context)
         at Microsoft.Extensions.DependencyInjection.ServiceLookup.CallSiteVisitor`2.VisitCallSite(ServiceCallSite callSite, TArgument argument)
         at Microsoft.Extensions.DependencyInjection.ServiceLookup.CallSiteRuntimeResolver.VisitConstructor(ConstructorCallSite constructorCallSite, RuntimeResolverContext context)
         at Microsoft.Extensions.DependencyInjection.ServiceLookup.CallSiteVisitor`2.VisitCallSiteMain(ServiceCallSite callSite, TArgument argument)
         at Microsoft.Extensions.DependencyInjection.ServiceLookup.CallSiteRuntimeResolver.VisitCache(ServiceCallSite callSite, RuntimeResolverContext context, ServiceProviderEngineScope serviceProviderEngine, RuntimeResolverLock lockType)
         at Microsoft.Extensions.DependencyInjection.ServiceLookup.CallSiteRuntimeResolver.VisitScopeCache(ServiceCallSite callSite, RuntimeResolverContext context)
         at Microsoft.Extensions.DependencyInjection.ServiceLookup.CallSiteVisitor`2.VisitCallSite(ServiceCallSite callSite, TArgument argument)
         at Microsoft.Extensions.DependencyInjection.ServiceLookup.CallSiteRuntimeResolver.VisitConstructor(ConstructorCallSite constructorCallSite, RuntimeResolverContext context)
         at Microsoft.Extensions.DependencyInjection.ServiceLookup.CallSiteVisitor`2.VisitCallSiteMain(ServiceCallSite callSite, TArgument argument)
         at Microsoft.Extensions.DependencyInjection.ServiceLookup.CallSiteRuntimeResolver.VisitCache(ServiceCallSite callSite, RuntimeResolverContext context, ServiceProviderEngineScope serviceProviderEngine, RuntimeResolverLock lockType)
         at Microsoft.Extensions.DependencyInjection.ServiceLookup.CallSiteRuntimeResolver.VisitScopeCache(ServiceCallSite callSite, RuntimeResolverContext context)
         at Microsoft.Extensions.DependencyInjection.ServiceLookup.CallSiteVisitor`2.VisitCallSite(ServiceCallSite callSite, TArgument argument)
         at Microsoft.Extensions.DependencyInjection.ServiceLookup.CallSiteRuntimeResolver.VisitConstructor(ConstructorCallSite constructorCallSite, RuntimeResolverContext context)
         at Microsoft.Extensions.DependencyInjection.ServiceLookup.CallSiteVisitor`2.VisitCallSiteMain(ServiceCallSite callSite, TArgument argument)
         at Microsoft.Extensions.DependencyInjection.ServiceLookup.CallSiteRuntimeResolver.VisitCache(ServiceCallSite callSite, RuntimeResolverContext context, ServiceProviderEngineScope serviceProviderEngine, RuntimeResolverLock lockType)
         at Microsoft.Extensions.DependencyInjection.ServiceLookup.CallSiteRuntimeResolver.VisitScopeCache(ServiceCallSite callSite, RuntimeResolverContext context)
         at Microsoft.Extensions.DependencyInjection.ServiceLookup.CallSiteVisitor`2.VisitCallSite(ServiceCallSite callSite, TArgument argument)
         at Microsoft.Extensions.DependencyInjection.ServiceLookup.CallSiteRuntimeResolver.Resolve(ServiceCallSite callSite, ServiceProviderEngineScope scope)
         at Microsoft.Extensions.DependencyInjection.ServiceLookup.DynamicServiceProviderEngine.<>c__DisplayClass2_0.<RealizeService>b__0(ServiceProviderEngineScope scope)
         at Microsoft.Extensions.DependencyInjection.ServiceProvider.GetService(ServiceIdentifier serviceIdentifier, ServiceProviderEngineScope serviceProviderEngineScope)
         at Microsoft.Extensions.DependencyInjection.ServiceLookup.ServiceProviderEngineScope.GetService(Type serviceType)
         at Microsoft.Extensions.DependencyInjection.ServiceProviderServiceExtensions.GetRequiredService(IServiceProvider provider, Type serviceType)
         at Microsoft.Extensions.DependencyInjection.ServiceProviderServiceExtensions.GetRequiredService[T](IServiceProvider provider)
         at Microsoft.EntityFrameworkCore.DbContext.get_DbContextDependencies()
         at Microsoft.EntityFrameworkCore.DbContext.get_ContextServices()
         at Microsoft.EntityFrameworkCore.DbContext.get_InternalServiceProvider()
         at Microsoft.EntityFrameworkCore.DbContext.get_DbContextDependencies()
         at Microsoft.EntityFrameworkCore.DbContext.Set[TEntity]()
         at Prueba1.Infrastructure.Data.ApplicationDbContext.get_Usuarios() in C:\Users\czalb\Downloads\edelion\ImpactX-backend-apis\ImpactXv1\Infrastructure\Data\ApplicationDbContext.cs:line 13
         at Prueba1.Infrastructure.Data.Repositories.EF.UsuarioRepository.GetByCorreoAsync(String correo) in C:\Users\czalb\Downloads\edelion\ImpactX-backend-apis\ImpactXv1\Infrastructure\Data\Repositories\EF\UsuarioRepository.cs:line 23
         at Prueba1.Services.AuthService.LoginAsync(LoginRequest request) in C:\Users\czalb\Downloads\edelion\ImpactX-backend-apis\ImpactXv1\Services\AuthService.cs:line 72
         at Prueba1.Controllers.AuthController.Login(LoginRequest request) in C:\Users\czalb\Downloads\edelion\ImpactX-backend-apis\ImpactXv1\Controllers\AuthController.cs:line 34
         at Microsoft.AspNetCore.Mvc.Infrastructure.ActionMethodExecutor.TaskOfIActionResultExecutor.Execute(ActionContext actionContext, IActionResultTypeMapper mapper, ObjectMethodExecutor executor, Object controller, Object[] arguments)
         at Microsoft.AspNetCore.Mvc.Infrastructure.ControllerActionInvoker.<InvokeActionMethodAsync>g__Awaited|12_0(ControllerActionInvoker invoker, ValueTask`1 actionResultValueTask)
         at Microsoft.AspNetCore.Mvc.Infrastructure.ControllerActionInvoker.<InvokeNextActionFilterAsync>g__Awaited|10_0(ControllerActionInvoker invoker, Task lastTask, State next, Scope scope, Object state, Boolean isCompleted)
         at Microsoft.AspNetCore.Mvc.Infrastructure.ControllerActionInvoker.Rethrow(ActionExecutedContextSealed context)
         at Microsoft.AspNetCore.Mvc.Infrastructure.ControllerActionInvoker.Next(State& next, Scope& scope, Object& state, Boolean& isCompleted)
         at Microsoft.AspNetCore.Mvc.Infrastructure.ControllerActionInvoker.InvokeInnerFilterAsync()
      --- End of stack trace from previous location ---
         at Microsoft.AspNetCore.Mvc.Infrastructure.ResourceInvoker.<InvokeFilterPipelineAsync>g__Awaited|20_0(ResourceInvoker invoker, Task lastTask, State next, Scope scope, Object state, Boolean isCompleted)
         at Microsoft.AspNetCore.Mvc.Infrastructure.ResourceInvoker.<InvokeAsync>g__Logged|17_1(ResourceInvoker invoker)
         at Microsoft.AspNetCore.Mvc.Infrastructure.ResourceInvoker.<InvokeAsync>g__Logged|17_1(ResourceInvoker invoker)
         at Microsoft.AspNetCore.Routing.EndpointMiddleware.<Invoke>g__AwaitRequestTask|7_0(Endpoint endpoint, Task requestTask, ILogger logger)
         at Microsoft.AspNetCore.Authorization.AuthorizationMiddleware.Invoke(HttpContext context)
         at Microsoft.AspNetCore.Authentication.AuthenticationMiddleware.Invoke(HttpContext context)
         at Swashbuckle.AspNetCore.SwaggerUI.SwaggerUIMiddleware.Invoke(HttpContext httpContext)
         at Prueba1.Middleware.SecurityHeadersMiddleware.InvokeAsync(HttpContext context) in C:\Users\czalb\Downloads\edelion\ImpactX-backend-apis\ImpactXv1\Middleware\SecurityHeadersMiddleware.cs:line 26
         at Prueba1.Middleware.RequestLoggingMiddleware.InvokeAsync(HttpContext context) in C:\Users\czalb\Downloads\edelion\ImpactX-backend-apis\ImpactXv1\Middleware\RequestLoggingMiddleware.cs:line 22
         at Prueba1.Middleware.ExceptionHandlingMiddleware.InvokeAsync(HttpContext context) in C:\Users\czalb\Downloads\edelion\ImpactX-backend-apis\ImpactXv1\Middleware\ExceptionHandlingMiddleware.cs:line 22
info: Microsoft.AspNetCore.Hosting.Diagnostics[2]
      Request finished HTTP/1.1 POST http://localhost/api/auth/login - 500 - application/json 54.7981ms
info: Microsoft.AspNetCore.Hosting.Diagnostics[1]
      Request starting HTTP/1.1 POST http://localhost/api/auth/register - application/json;+charset=utf-8 110
[xUnit.net 00:00:02.57]       Assert.Equal() Failure: Values differ
[xUnit.net 00:00:02.57]       Expected: OK
[xUnit.net 00:00:02.57]       Actual:   InternalServerError
info: Microsoft.AspNetCore.Routing.EndpointMiddleware[0]
      Executing endpoint 'Prueba1.Controllers.AuthController.Register (Prueba1)'
info: Microsoft.AspNetCore.Mvc.Infrastructure.ControllerActionInvoker[102]
      Route matched with {action = "Register", controller = "Auth"}. Executing controller action with signature System.Threading.Tasks.Task`1[Microsoft.AspNetCore.Mvc.IActionResult] Register(Prueba1.Models.DTOs.RegisterRequest) on controller Prueba1.Controllers.AuthController (Prueba1).
[xUnit.net 00:00:02.57]       Stack Trace:
[xUnit.net 00:00:02.58]         C:\Users\czalb\Downloads\edelion\ImpactX-backend-apis\Prueba1.Tests\Integration\AuthControllerTests.cs(79,0): at Prueba1.Tests.Integration.AuthControllerTests.Login_WithValidCredentials_ReturnsOk()
[xUnit.net 00:00:02.58]         --- End of stack trace from previous location ---
info: Microsoft.AspNetCore.Mvc.Infrastructure.ControllerActionInvoker[105]
      Executed action Prueba1.Controllers.AuthController.Register (Prueba1) in 64.9374ms
info: Microsoft.AspNetCore.Routing.EndpointMiddleware[1]
      Executed endpoint 'Prueba1.Controllers.AuthController.Register (Prueba1)'
fail: Prueba1.Middleware.ExceptionHandlingMiddleware[0]
      Error no controlado: The entity type 'PermisosPlataforma' requires a primary key to be defined. If you intended to use a keyless entity type, call 'HasNoKey' in 'OnModelCreating'. For more information on keyless entity types, see https://go.microsoft.com/fwlink/?linkid=2141943.
      System.InvalidOperationException: The entity type 'PermisosPlataforma' requires a primary key to be defined. If you intended to use a keyless entity type, call 'HasNoKey' in 'OnModelCreating'. For more information on keyless entity types, see https://go.microsoft.com/fwlink/?linkid=2141943.
         at Microsoft.EntityFrameworkCore.Infrastructure.ModelValidator.ValidateNonNullPrimaryKeys(IModel model, IDiagnosticsLogger`1 logger)
         at Microsoft.EntityFrameworkCore.Infrastructure.ModelValidator.Validate(IModel model, IDiagnosticsLogger`1 logger)
         at Microsoft.EntityFrameworkCore.InMemory.Infrastructure.Internal.InMemoryModelValidator.Validate(IModel model, IDiagnosticsLogger`1 logger)
         at Microsoft.EntityFrameworkCore.Infrastructure.ModelRuntimeInitializer.Initialize(IModel model, Boolean designTime, IDiagnosticsLogger`1 validationLogger)
         at Microsoft.EntityFrameworkCore.Infrastructure.ModelSource.CreateModel(DbContext context, ModelCreationDependencies modelCreationDependencies, Boolean designTime)
         at Microsoft.EntityFrameworkCore.Infrastructure.ModelSource.GetModel(DbContext context, ModelCreationDependencies modelCreationDependencies, Boolean designTime)
         at Microsoft.EntityFrameworkCore.Internal.DbContextServices.CreateModel(Boolean designTime)
         at Microsoft.EntityFrameworkCore.Internal.DbContextServices.get_Model()
         at Microsoft.EntityFrameworkCore.Infrastructure.EntityFrameworkServicesBuilder.<>c.<TryAddCoreServices>b__8_4(IServiceProvider p)
         at Microsoft.Extensions.DependencyInjection.ServiceLookup.CallSiteRuntimeResolver.VisitFactory(FactoryCallSite factoryCallSite, RuntimeResolverContext context)
         at Microsoft.Extensions.DependencyInjection.ServiceLookup.CallSiteVisitor`2.VisitCallSiteMain(ServiceCallSite callSite, TArgument argument)
         at Microsoft.Extensions.DependencyInjection.ServiceLookup.CallSiteRuntimeResolver.VisitCache(ServiceCallSite callSite, RuntimeResolverContext context, ServiceProviderEngineScope serviceProviderEngine, RuntimeResolverLock lockType)
         at Microsoft.Extensions.DependencyInjection.ServiceLookup.CallSiteRuntimeResolver.VisitScopeCache(ServiceCallSite callSite, RuntimeResolverContext context)
         at Microsoft.Extensions.DependencyInjection.ServiceLookup.CallSiteVisitor`2.VisitCallSite(ServiceCallSite callSite, TArgument argument)
         at Microsoft.Extensions.DependencyInjection.ServiceLookup.CallSiteRuntimeResolver.VisitConstructor(ConstructorCallSite constructorCallSite, RuntimeResolverContext context)
         at Microsoft.Extensions.DependencyInjection.ServiceLookup.CallSiteVisitor`2.VisitCallSiteMain(ServiceCallSite callSite, TArgument argument)
         at Microsoft.Extensions.DependencyInjection.ServiceLookup.CallSiteRuntimeResolver.VisitCache(ServiceCallSite callSite, RuntimeResolverContext context, ServiceProviderEngineScope serviceProviderEngine, RuntimeResolverLock lockType)
         at Microsoft.Extensions.DependencyInjection.ServiceLookup.CallSiteRuntimeResolver.VisitScopeCache(ServiceCallSite callSite, RuntimeResolverContext context)
         at Microsoft.Extensions.DependencyInjection.ServiceLookup.CallSiteVisitor`2.VisitCallSite(ServiceCallSite callSite, TArgument argument)
         at Microsoft.Extensions.DependencyInjection.ServiceLookup.CallSiteRuntimeResolver.VisitConstructor(ConstructorCallSite constructorCallSite, RuntimeResolverContext context)
         at Microsoft.Extensions.DependencyInjection.ServiceLookup.CallSiteVisitor`2.VisitCallSiteMain(ServiceCallSite callSite, TArgument argument)
         at Microsoft.Extensions.DependencyInjection.ServiceLookup.CallSiteRuntimeResolver.VisitCache(ServiceCallSite callSite, RuntimeResolverContext context, ServiceProviderEngineScope serviceProviderEngine, RuntimeResolverLock lockType)
         at Microsoft.Extensions.DependencyInjection.ServiceLookup.CallSiteRuntimeResolver.VisitScopeCache(ServiceCallSite callSite, RuntimeResolverContext context)
         at Microsoft.Extensions.DependencyInjection.ServiceLookup.CallSiteVisitor`2.VisitCallSite(ServiceCallSite callSite, TArgument argument)
         at Microsoft.Extensions.DependencyInjection.ServiceLookup.CallSiteRuntimeResolver.VisitConstructor(ConstructorCallSite constructorCallSite, RuntimeResolverContext context)
         at Microsoft.Extensions.DependencyInjection.ServiceLookup.CallSiteVisitor`2.VisitCallSiteMain(ServiceCallSite callSite, TArgument argument)
         at Microsoft.Extensions.DependencyInjection.ServiceLookup.CallSiteRuntimeResolver.VisitCache(ServiceCallSite callSite, RuntimeResolverContext context, ServiceProviderEngineScope serviceProviderEngine, RuntimeResolverLock lockType)
         at Microsoft.Extensions.DependencyInjection.ServiceLookup.CallSiteRuntimeResolver.VisitScopeCache(ServiceCallSite callSite, RuntimeResolverContext context)
         at Microsoft.Extensions.DependencyInjection.ServiceLookup.CallSiteVisitor`2.VisitCallSite(ServiceCallSite callSite, TArgument argument)
         at Microsoft.Extensions.DependencyInjection.ServiceLookup.CallSiteRuntimeResolver.VisitConstructor(ConstructorCallSite constructorCallSite, RuntimeResolverContext context)
         at Microsoft.Extensions.DependencyInjection.ServiceLookup.CallSiteVisitor`2.VisitCallSiteMain(ServiceCallSite callSite, TArgument argument)
         at Microsoft.Extensions.DependencyInjection.ServiceLookup.CallSiteRuntimeResolver.VisitCache(ServiceCallSite callSite, RuntimeResolverContext context, ServiceProviderEngineScope serviceProviderEngine, RuntimeResolverLock lockType)
         at Microsoft.Extensions.DependencyInjection.ServiceLookup.CallSiteRuntimeResolver.VisitScopeCache(ServiceCallSite callSite, RuntimeResolverContext context)
         at Microsoft.Extensions.DependencyInjection.ServiceLookup.CallSiteVisitor`2.VisitCallSite(ServiceCallSite callSite, TArgument argument)
         at Microsoft.Extensions.DependencyInjection.ServiceLookup.CallSiteRuntimeResolver.VisitConstructor(ConstructorCallSite constructorCallSite, RuntimeResolverContext context)
         at Microsoft.Extensions.DependencyInjection.ServiceLookup.CallSiteVisitor`2.VisitCallSiteMain(ServiceCallSite callSite, TArgument argument)
         at Microsoft.Extensions.DependencyInjection.ServiceLookup.CallSiteRuntimeResolver.VisitCache(ServiceCallSite callSite, RuntimeResolverContext context, ServiceProviderEngineScope serviceProviderEngine, RuntimeResolverLock lockType)
         at Microsoft.Extensions.DependencyInjection.ServiceLookup.CallSiteRuntimeResolver.VisitScopeCache(ServiceCallSite callSite, RuntimeResolverContext context)
         at Microsoft.Extensions.DependencyInjection.ServiceLookup.CallSiteVisitor`2.VisitCallSite(ServiceCallSite callSite, TArgument argument)
         at Microsoft.Extensions.DependencyInjection.ServiceLookup.CallSiteRuntimeResolver.Resolve(ServiceCallSite callSite, ServiceProviderEngineScope scope)
         at Microsoft.Extensions.DependencyInjection.ServiceLookup.DynamicServiceProviderEngine.<>c__DisplayClass2_0.<RealizeService>b__0(ServiceProviderEngineScope scope)
         at Microsoft.Extensions.DependencyInjection.ServiceProvider.GetService(ServiceIdentifier serviceIdentifier, ServiceProviderEngineScope serviceProviderEngineScope)
         at Microsoft.Extensions.DependencyInjection.ServiceLookup.ServiceProviderEngineScope.GetService(Type serviceType)
         at Microsoft.Extensions.DependencyInjection.ServiceProviderServiceExtensions.GetRequiredService(IServiceProvider provider, Type serviceType)
         at Microsoft.Extensions.DependencyInjection.ServiceProviderServiceExtensions.GetRequiredService[T](IServiceProvider provider)
         at Microsoft.EntityFrameworkCore.DbContext.get_DbContextDependencies()
         at Microsoft.EntityFrameworkCore.DbContext.get_ContextServices()
         at Microsoft.EntityFrameworkCore.DbContext.get_InternalServiceProvider()
         at Microsoft.EntityFrameworkCore.DbContext.get_DbContextDependencies()
         at Microsoft.EntityFrameworkCore.DbContext.Set[TEntity]()
         at Prueba1.Infrastructure.Data.ApplicationDbContext.get_Usuarios() in C:\Users\czalb\Downloads\edelion\ImpactX-backend-apis\ImpactXv1\Infrastructure\Data\ApplicationDbContext.cs:line 13
         at Prueba1.Infrastructure.Data.Repositories.EF.UsuarioRepository.ExistsByCorreoAsync(String correo) in C:\Users\czalb\Downloads\edelion\ImpactX-backend-apis\ImpactXv1\Infrastructure\Data\Repositories\EF\UsuarioRepository.cs:line 45
         at Prueba1.Services.AuthService.RegisterAsync(RegisterRequest request) in C:\Users\czalb\Downloads\edelion\ImpactX-backend-apis\ImpactXv1\Services\AuthService.cs:line 35
         at Prueba1.Controllers.AuthController.Register(RegisterRequest request) in C:\Users\czalb\Downloads\edelion\ImpactX-backend-apis\ImpactXv1\Controllers\AuthController.cs:line 23
         at Microsoft.AspNetCore.Mvc.Infrastructure.ActionMethodExecutor.TaskOfIActionResultExecutor.Execute(ActionContext actionContext, IActionResultTypeMapper mapper, ObjectMethodExecutor executor, Object controller, Object[] arguments)
         at Microsoft.AspNetCore.Mvc.Infrastructure.ControllerActionInvoker.<InvokeActionMethodAsync>g__Awaited|12_0(ControllerActionInvoker invoker, ValueTask`1 actionResultValueTask)
         at Microsoft.AspNetCore.Mvc.Infrastructure.ControllerActionInvoker.<InvokeNextActionFilterAsync>g__Awaited|10_0(ControllerActionInvoker invoker, Task lastTask, State next, Scope scope, Object state, Boolean isCompleted)
         at Microsoft.AspNetCore.Mvc.Infrastructure.ControllerActionInvoker.Rethrow(ActionExecutedContextSealed context)
         at Microsoft.AspNetCore.Mvc.Infrastructure.ControllerActionInvoker.Next(State& next, Scope& scope, Object& state, Boolean& isCompleted)
         at Microsoft.AspNetCore.Mvc.Infrastructure.ControllerActionInvoker.InvokeInnerFilterAsync()
      --- End of stack trace from previous location ---
         at Microsoft.AspNetCore.Mvc.Infrastructure.ResourceInvoker.<InvokeFilterPipelineAsync>g__Awaited|20_0(ResourceInvoker invoker, Task lastTask, State next, Scope scope, Object state, Boolean isCompleted)
         at Microsoft.AspNetCore.Mvc.Infrastructure.ResourceInvoker.<InvokeAsync>g__Logged|17_1(ResourceInvoker invoker)
         at Microsoft.AspNetCore.Mvc.Infrastructure.ResourceInvoker.<InvokeAsync>g__Logged|17_1(ResourceInvoker invoker)
         at Microsoft.AspNetCore.Routing.EndpointMiddleware.<Invoke>g__AwaitRequestTask|7_0(Endpoint endpoint, Task requestTask, ILogger logger)
         at Microsoft.AspNetCore.Authorization.AuthorizationMiddleware.Invoke(HttpContext context)
         at Microsoft.AspNetCore.Authentication.AuthenticationMiddleware.Invoke(HttpContext context)
         at Swashbuckle.AspNetCore.SwaggerUI.SwaggerUIMiddleware.Invoke(HttpContext httpContext)
         at Prueba1.Middleware.SecurityHeadersMiddleware.InvokeAsync(HttpContext context) in C:\Users\czalb\Downloads\edelion\ImpactX-backend-apis\ImpactXv1\Middleware\SecurityHeadersMiddleware.cs:line 26
         at Prueba1.Middleware.RequestLoggingMiddleware.InvokeAsync(HttpContext context) in C:\Users\czalb\Downloads\edelion\ImpactX-backend-apis\ImpactXv1\Middleware\RequestLoggingMiddleware.cs:line 22
         at Prueba1.Middleware.ExceptionHandlingMiddleware.InvokeAsync(HttpContext context) in C:\Users\czalb\Downloads\edelion\ImpactX-backend-apis\ImpactXv1\Middleware\ExceptionHandlingMiddleware.cs:line 22
info: Microsoft.AspNetCore.Hosting.Diagnostics[2]
      Request finished HTTP/1.1 POST http://localhost/api/auth/register - 500 - application/json 80.5614ms
[xUnit.net 00:00:02.65]       Assert.Equal() Failure: Values differ
[xUnit.net 00:00:02.65]       Expected: OK
[xUnit.net 00:00:02.65]       Actual:   InternalServerError
[xUnit.net 00:00:02.65]       Stack Trace:
[xUnit.net 00:00:02.65]         C:\Users\czalb\Downloads\edelion\ImpactX-backend-apis\Prueba1.Tests\Integration\AuthControllerTests.cs(26,0): at Prueba1.Tests.Integration.AuthControllerTests.Register_WithValidData_ReturnsOk()
[xUnit.net 00:00:02.65]         --- End of stack trace from previous location ---
info: Microsoft.AspNetCore.Hosting.Diagnostics[1]
      Request starting HTTP/1.1 POST http://localhost/api/auth/change-password - application/json;+charset=utf-8 45
info: Microsoft.AspNetCore.Authorization.DefaultAuthorizationService[2]
      Authorization failed. These requirements were not met:
      DenyAnonymousAuthorizationRequirement: Requires an authenticated user.
info: Microsoft.AspNetCore.Authentication.JwtBearer.JwtBearerHandler[12]
      AuthenticationScheme: Bearer was challenged.
info: Prueba1.Middleware.RequestLoggingMiddleware[0]
      POST /api/auth/change-password responded 401 in 17ms
info: Microsoft.AspNetCore.Hosting.Diagnostics[2]
      Request finished HTTP/1.1 POST http://localhost/api/auth/change-password - 401 - - 18.2447ms
info: Microsoft.AspNetCore.Hosting.Diagnostics[1]
      Request starting HTTP/1.1 POST http://localhost/api/auth/logout - application/json;+charset=utf-8 29
info: Microsoft.AspNetCore.Authorization.DefaultAuthorizationService[2]
      Authorization failed. These requirements were not met:
      DenyAnonymousAuthorizationRequirement: Requires an authenticated user.
info: Microsoft.AspNetCore.Authentication.JwtBearer.JwtBearerHandler[12]
      AuthenticationScheme: Bearer was challenged.
info: Prueba1.Middleware.RequestLoggingMiddleware[0]
      POST /api/auth/logout responded 401 in 2ms
info: Microsoft.AspNetCore.Hosting.Diagnostics[2]
      Request finished HTTP/1.1 POST http://localhost/api/auth/logout - 401 - - 2.8557ms
info: Microsoft.AspNetCore.Hosting.Diagnostics[1]
      Request starting HTTP/1.1 GET http://localhost/api/auth/account/export - - -
info: Microsoft.AspNetCore.Authorization.DefaultAuthorizationService[2]
      Authorization failed. These requirements were not met:
      DenyAnonymousAuthorizationRequirement: Requires an authenticated user.
info: Microsoft.AspNetCore.Authentication.JwtBearer.JwtBearerHandler[12]
      AuthenticationScheme: Bearer was challenged.
info: Prueba1.Middleware.RequestLoggingMiddleware[0]
      GET /api/auth/account/export responded 401 in 4ms
info: Microsoft.AspNetCore.Hosting.Diagnostics[2]
      Request finished HTTP/1.1 GET http://localhost/api/auth/account/export - 401 - - 5.2595ms
info: Microsoft.AspNetCore.Hosting.Diagnostics[1]
      Request starting HTTP/1.1 POST http://localhost/api/auth/login - application/json;+charset=utf-8 52
info: Microsoft.AspNetCore.Routing.EndpointMiddleware[0]
      Executing endpoint 'Prueba1.Controllers.AuthController.Login (Prueba1)'
info: Microsoft.AspNetCore.Mvc.Infrastructure.ControllerActionInvoker[102]
      Route matched with {action = "Login", controller = "Auth"}. Executing controller action with signature System.Threading.Tasks.Task`1[Microsoft.AspNetCore.Mvc.IActionResult] Login(Prueba1.Models.DTOs.LoginRequest) on controller Prueba1.Controllers.AuthController (Prueba1).
info: Microsoft.AspNetCore.Mvc.Infrastructure.ControllerActionInvoker[105]
      Executed action Prueba1.Controllers.AuthController.Login (Prueba1) in 21.9581ms
info: Microsoft.AspNetCore.Routing.EndpointMiddleware[1]
      Executed endpoint 'Prueba1.Controllers.AuthController.Login (Prueba1)'
fail: Prueba1.Middleware.ExceptionHandlingMiddleware[0]
      Error no controlado: The entity type 'PermisosPlataforma' requires a primary key to be defined. If you intended to use a keyless entity type, call 'HasNoKey' in 'OnModelCreating'. For more information on keyless entity types, see https://go.microsoft.com/fwlink/?linkid=2141943.
      System.InvalidOperationException: The entity type 'PermisosPlataforma' requires a primary key to be defined. If you intended to use a keyless entity type, call 'HasNoKey' in 'OnModelCreating'. For more information on keyless entity types, see https://go.microsoft.com/fwlink/?linkid=2141943.
         at Microsoft.EntityFrameworkCore.Infrastructure.ModelValidator.ValidateNonNullPrimaryKeys(IModel model, IDiagnosticsLogger`1 logger)
         at Microsoft.EntityFrameworkCore.Infrastructure.ModelValidator.Validate(IModel model, IDiagnosticsLogger`1 logger)
         at Microsoft.EntityFrameworkCore.InMemory.Infrastructure.Internal.InMemoryModelValidator.Validate(IModel model, IDiagnosticsLogger`1 logger)
         at Microsoft.EntityFrameworkCore.Infrastructure.ModelRuntimeInitializer.Initialize(IModel model, Boolean designTime, IDiagnosticsLogger`1 validationLogger)
         at Microsoft.EntityFrameworkCore.Infrastructure.ModelSource.CreateModel(DbContext context, ModelCreationDependencies modelCreationDependencies, Boolean designTime)
         at Microsoft.EntityFrameworkCore.Infrastructure.ModelSource.GetModel(DbContext context, ModelCreationDependencies modelCreationDependencies, Boolean designTime)
         at Microsoft.EntityFrameworkCore.Internal.DbContextServices.CreateModel(Boolean designTime)
         at Microsoft.EntityFrameworkCore.Internal.DbContextServices.get_Model()
         at Microsoft.EntityFrameworkCore.Infrastructure.EntityFrameworkServicesBuilder.<>c.<TryAddCoreServices>b__8_4(IServiceProvider p)
         at Microsoft.Extensions.DependencyInjection.ServiceLookup.CallSiteRuntimeResolver.VisitFactory(FactoryCallSite factoryCallSite, RuntimeResolverContext context)
         at Microsoft.Extensions.DependencyInjection.ServiceLookup.CallSiteVisitor`2.VisitCallSiteMain(ServiceCallSite callSite, TArgument argument)
         at Microsoft.Extensions.DependencyInjection.ServiceLookup.CallSiteRuntimeResolver.VisitCache(ServiceCallSite callSite, RuntimeResolverContext context, ServiceProviderEngineScope serviceProviderEngine, RuntimeResolverLock lockType)
         at Microsoft.Extensions.DependencyInjection.ServiceLookup.CallSiteRuntimeResolver.VisitScopeCache(ServiceCallSite callSite, RuntimeResolverContext context)
         at Microsoft.Extensions.DependencyInjection.ServiceLookup.CallSiteVisitor`2.VisitCallSite(ServiceCallSite callSite, TArgument argument)
         at Microsoft.Extensions.DependencyInjection.ServiceLookup.CallSiteRuntimeResolver.VisitConstructor(ConstructorCallSite constructorCallSite, RuntimeResolverContext context)
         at Microsoft.Extensions.DependencyInjection.ServiceLookup.CallSiteVisitor`2.VisitCallSiteMain(ServiceCallSite callSite, TArgument argument)
         at Microsoft.Extensions.DependencyInjection.ServiceLookup.CallSiteRuntimeResolver.VisitCache(ServiceCallSite callSite, RuntimeResolverContext context, ServiceProviderEngineScope serviceProviderEngine, RuntimeResolverLock lockType)
         at Microsoft.Extensions.DependencyInjection.ServiceLookup.CallSiteRuntimeResolver.VisitScopeCache(ServiceCallSite callSite, RuntimeResolverContext context)
         at Microsoft.Extensions.DependencyInjection.ServiceLookup.CallSiteVisitor`2.VisitCallSite(ServiceCallSite callSite, TArgument argument)
         at Microsoft.Extensions.DependencyInjection.ServiceLookup.CallSiteRuntimeResolver.VisitConstructor(ConstructorCallSite constructorCallSite, RuntimeResolverContext context)
         at Microsoft.Extensions.DependencyInjection.ServiceLookup.CallSiteVisitor`2.VisitCallSiteMain(ServiceCallSite callSite, TArgument argument)
         at Microsoft.Extensions.DependencyInjection.ServiceLookup.CallSiteRuntimeResolver.VisitCache(ServiceCallSite callSite, RuntimeResolverContext context, ServiceProviderEngineScope serviceProviderEngine, RuntimeResolverLock lockType)
         at Microsoft.Extensions.DependencyInjection.ServiceLookup.CallSiteRuntimeResolver.VisitScopeCache(ServiceCallSite callSite, RuntimeResolverContext context)
         at Microsoft.Extensions.DependencyInjection.ServiceLookup.CallSiteVisitor`2.VisitCallSite(ServiceCallSite callSite, TArgument argument)
         at Microsoft.Extensions.DependencyInjection.ServiceLookup.CallSiteRuntimeResolver.VisitConstructor(ConstructorCallSite constructorCallSite, RuntimeResolverContext context)
         at Microsoft.Extensions.DependencyInjection.ServiceLookup.CallSiteVisitor`2.VisitCallSiteMain(ServiceCallSite callSite, TArgument argument)
         at Microsoft.Extensions.DependencyInjection.ServiceLookup.CallSiteRuntimeResolver.VisitCache(ServiceCallSite callSite, RuntimeResolverContext context, ServiceProviderEngineScope serviceProviderEngine, RuntimeResolverLock lockType)
         at Microsoft.Extensions.DependencyInjection.ServiceLookup.CallSiteRuntimeResolver.VisitScopeCache(ServiceCallSite callSite, RuntimeResolverContext context)
         at Microsoft.Extensions.DependencyInjection.ServiceLookup.CallSiteVisitor`2.VisitCallSite(ServiceCallSite callSite, TArgument argument)
         at Microsoft.Extensions.DependencyInjection.ServiceLookup.CallSiteRuntimeResolver.VisitConstructor(ConstructorCallSite constructorCallSite, RuntimeResolverContext context)
         at Microsoft.Extensions.DependencyInjection.ServiceLookup.CallSiteVisitor`2.VisitCallSiteMain(ServiceCallSite callSite, TArgument argument)
         at Microsoft.Extensions.DependencyInjection.ServiceLookup.CallSiteRuntimeResolver.VisitCache(ServiceCallSite callSite, RuntimeResolverContext context, ServiceProviderEngineScope serviceProviderEngine, RuntimeResolverLock lockType)
         at Microsoft.Extensions.DependencyInjection.ServiceLookup.CallSiteRuntimeResolver.VisitScopeCache(ServiceCallSite callSite, RuntimeResolverContext context)
         at Microsoft.Extensions.DependencyInjection.ServiceLookup.CallSiteVisitor`2.VisitCallSite(ServiceCallSite callSite, TArgument argument)
         at Microsoft.Extensions.DependencyInjection.ServiceLookup.CallSiteRuntimeResolver.VisitConstructor(ConstructorCallSite constructorCallSite, RuntimeResolverContext context)
         at Microsoft.Extensions.DependencyInjection.ServiceLookup.CallSiteVisitor`2.VisitCallSiteMain(ServiceCallSite callSite, TArgument argument)
         at Microsoft.Extensions.DependencyInjection.ServiceLookup.CallSiteRuntimeResolver.VisitCache(ServiceCallSite callSite, RuntimeResolverContext context, ServiceProviderEngineScope serviceProviderEngine, RuntimeResolverLock lockType)
         at Microsoft.Extensions.DependencyInjection.ServiceLookup.CallSiteRuntimeResolver.VisitScopeCache(ServiceCallSite callSite, RuntimeResolverContext context)
         at Microsoft.Extensions.DependencyInjection.ServiceLookup.CallSiteVisitor`2.VisitCallSite(ServiceCallSite callSite, TArgument argument)
         at Microsoft.Extensions.DependencyInjection.ServiceLookup.CallSiteRuntimeResolver.Resolve(ServiceCallSite callSite, ServiceProviderEngineScope scope)
         at Microsoft.Extensions.DependencyInjection.ServiceLookup.DynamicServiceProviderEngine.<>c__DisplayClass2_0.<RealizeService>b__0(ServiceProviderEngineScope scope)
         at Microsoft.Extensions.DependencyInjection.ServiceProvider.GetService(ServiceIdentifier serviceIdentifier, ServiceProviderEngineScope serviceProviderEngineScope)
         at Microsoft.Extensions.DependencyInjection.ServiceLookup.ServiceProviderEngineScope.GetService(Type serviceType)
         at Microsoft.Extensions.DependencyInjection.ServiceProviderServiceExtensions.GetRequiredService(IServiceProvider provider, Type serviceType)
         at Microsoft.Extensions.DependencyInjection.ServiceProviderServiceExtensions.GetRequiredService[T](IServiceProvider provider)
         at Microsoft.EntityFrameworkCore.DbContext.get_DbContextDependencies()
         at Microsoft.EntityFrameworkCore.DbContext.get_ContextServices()
         at Microsoft.EntityFrameworkCore.DbContext.get_InternalServiceProvider()
         at Microsoft.EntityFrameworkCore.DbContext.get_DbContextDependencies()
         at Microsoft.EntityFrameworkCore.DbContext.Set[TEntity]()
         at Prueba1.Infrastructure.Data.ApplicationDbContext.get_Usuarios() in C:\Users\czalb\Downloads\edelion\ImpactX-backend-apis\ImpactXv1\Infrastructure\Data\ApplicationDbContext.cs:line 13
         at Prueba1.Infrastructure.Data.Repositories.EF.UsuarioRepository.GetByCorreoAsync(String correo) in C:\Users\czalb\Downloads\edelion\ImpactX-backend-apis\ImpactXv1\Infrastructure\Data\Repositories\EF\UsuarioRepository.cs:line 23
         at Prueba1.Services.AuthService.LoginAsync(LoginRequest request) in C:\Users\czalb\Downloads\edelion\ImpactX-backend-apis\ImpactXv1\Services\AuthService.cs:line 72
         at Prueba1.Controllers.AuthController.Login(LoginRequest request) in C:\Users\czalb\Downloads\edelion\ImpactX-backend-apis\ImpactXv1\Controllers\AuthController.cs:line 34
         at Microsoft.AspNetCore.Mvc.Infrastructure.ActionMethodExecutor.TaskOfIActionResultExecutor.Execute(ActionContext actionContext, IActionResultTypeMapper mapper, ObjectMethodExecutor executor, Object controller, Object[] arguments)
         at Microsoft.AspNetCore.Mvc.Infrastructure.ControllerActionInvoker.<InvokeActionMethodAsync>g__Awaited|12_0(ControllerActionInvoker invoker, ValueTask`1 actionResultValueTask)
         at Microsoft.AspNetCore.Mvc.Infrastructure.ControllerActionInvoker.<InvokeNextActionFilterAsync>g__Awaited|10_0(ControllerActionInvoker invoker, Task lastTask, State next, Scope scope, Object state, Boolean isCompleted)
         at Microsoft.AspNetCore.Mvc.Infrastructure.ControllerActionInvoker.Rethrow(ActionExecutedContextSealed context)
         at Microsoft.AspNetCore.Mvc.Infrastructure.ControllerActionInvoker.Next(State& next, Scope& scope, Object& state, Boolean& isCompleted)
         at Microsoft.AspNetCore.Mvc.Infrastructure.ControllerActionInvoker.InvokeInnerFilterAsync()
      --- End of stack trace from previous location ---
         at Microsoft.AspNetCore.Mvc.Infrastructure.ResourceInvoker.<InvokeFilterPipelineAsync>g__Awaited|20_0(ResourceInvoker invoker, Task lastTask, State next, Scope scope, Object state, Boolean isCompleted)
         at Microsoft.AspNetCore.Mvc.Infrastructure.ResourceInvoker.<InvokeAsync>g__Logged|17_1(ResourceInvoker invoker)
         at Microsoft.AspNetCore.Mvc.Infrastructure.ResourceInvoker.<InvokeAsync>g__Logged|17_1(ResourceInvoker invoker)
         at Microsoft.AspNetCore.Routing.EndpointMiddleware.<Invoke>g__AwaitRequestTask|7_0(Endpoint endpoint, Task requestTask, ILogger logger)
         at Microsoft.AspNetCore.Authorization.AuthorizationMiddleware.Invoke(HttpContext context)
         at Microsoft.AspNetCore.Authentication.AuthenticationMiddleware.Invoke(HttpContext context)
         at Swashbuckle.AspNetCore.SwaggerUI.SwaggerUIMiddleware.Invoke(HttpContext httpContext)
         at Prueba1.Middleware.SecurityHeadersMiddleware.InvokeAsync(HttpContext context) in C:\Users\czalb\Downloads\edelion\ImpactX-backend-apis\ImpactXv1\Middleware\SecurityHeadersMiddleware.cs:line 26
         at Prueba1.Middleware.RequestLoggingMiddleware.InvokeAsync(HttpContext context) in C:\Users\czalb\Downloads\edelion\ImpactX-backend-apis\ImpactXv1\Middleware\RequestLoggingMiddleware.cs:line 22
         at Prueba1.Middleware.ExceptionHandlingMiddleware.InvokeAsync(HttpContext context) in C:\Users\czalb\Downloads\edelion\ImpactX-backend-apis\ImpactXv1\Middleware\ExceptionHandlingMiddleware.cs:line 22
info: Microsoft.AspNetCore.Hosting.Diagnostics[2]
      Request finished HTTP/1.1 POST http://localhost/api/auth/login - 500 - application/json 25.4843ms
[xUnit.net 00:00:02.72]       Assert.Equal() Failure: Values differ
[xUnit.net 00:00:02.72]       Expected: Unauthorized
[xUnit.net 00:00:02.72]       Actual:   InternalServerError
[xUnit.net 00:00:02.72]       Stack Trace:
[xUnit.net 00:00:02.72]         C:\Users\czalb\Downloads\edelion\ImpactX-backend-apis\Prueba1.Tests\Integration\AuthControllerTests.cs(96,0): at Prueba1.Tests.Integration.AuthControllerTests.Login_WithInvalidCredentials_ReturnsUnauthorized()
[xUnit.net 00:00:02.72]         --- End of stack trace from previous location ---
info: Microsoft.AspNetCore.Hosting.Diagnostics[1]
      Request starting HTTP/1.1 POST http://localhost/api/auth/register - application/json;+charset=utf-8 105
info: Microsoft.AspNetCore.Routing.EndpointMiddleware[0]
      Executing endpoint 'Prueba1.Controllers.AuthController.Register (Prueba1)'
info: Microsoft.AspNetCore.Mvc.Infrastructure.ControllerActionInvoker[102]
      Route matched with {action = "Register", controller = "Auth"}. Executing controller action with signature System.Threading.Tasks.Task`1[Microsoft.AspNetCore.Mvc.IActionResult] Register(Prueba1.Models.DTOs.RegisterRequest) on controller Prueba1.Controllers.AuthController (Prueba1).
info: Microsoft.AspNetCore.Mvc.Infrastructure.ControllerActionInvoker[105]
      Executed action Prueba1.Controllers.AuthController.Register (Prueba1) in 20.1715ms
info: Microsoft.AspNetCore.Routing.EndpointMiddleware[1]
      Executed endpoint 'Prueba1.Controllers.AuthController.Register (Prueba1)'
fail: Prueba1.Middleware.ExceptionHandlingMiddleware[0]
      Error no controlado: The entity type 'PermisosPlataforma' requires a primary key to be defined. If you intended to use a keyless entity type, call 'HasNoKey' in 'OnModelCreating'. For more information on keyless entity types, see https://go.microsoft.com/fwlink/?linkid=2141943.
      System.InvalidOperationException: The entity type 'PermisosPlataforma' requires a primary key to be defined. If you intended to use a keyless entity type, call 'HasNoKey' in 'OnModelCreating'. For more information on keyless entity types, see https://go.microsoft.com/fwlink/?linkid=2141943.
         at Microsoft.EntityFrameworkCore.Infrastructure.ModelValidator.ValidateNonNullPrimaryKeys(IModel model, IDiagnosticsLogger`1 logger)
         at Microsoft.EntityFrameworkCore.Infrastructure.ModelValidator.Validate(IModel model, IDiagnosticsLogger`1 logger)
         at Microsoft.EntityFrameworkCore.InMemory.Infrastructure.Internal.InMemoryModelValidator.Validate(IModel model, IDiagnosticsLogger`1 logger)
         at Microsoft.EntityFrameworkCore.Infrastructure.ModelRuntimeInitializer.Initialize(IModel model, Boolean designTime, IDiagnosticsLogger`1 validationLogger)
         at Microsoft.EntityFrameworkCore.Infrastructure.ModelSource.CreateModel(DbContext context, ModelCreationDependencies modelCreationDependencies, Boolean designTime)
         at Microsoft.EntityFrameworkCore.Infrastructure.ModelSource.GetModel(DbContext context, ModelCreationDependencies modelCreationDependencies, Boolean designTime)
         at Microsoft.EntityFrameworkCore.Internal.DbContextServices.CreateModel(Boolean designTime)
         at Microsoft.EntityFrameworkCore.Internal.DbContextServices.get_Model()
         at Microsoft.EntityFrameworkCore.Infrastructure.EntityFrameworkServicesBuilder.<>c.<TryAddCoreServices>b__8_4(IServiceProvider p)
         at Microsoft.Extensions.DependencyInjection.ServiceLookup.CallSiteRuntimeResolver.VisitFactory(FactoryCallSite factoryCallSite, RuntimeResolverContext context)
         at Microsoft.Extensions.DependencyInjection.ServiceLookup.CallSiteVisitor`2.VisitCallSiteMain(ServiceCallSite callSite, TArgument argument)
         at Microsoft.Extensions.DependencyInjection.ServiceLookup.CallSiteRuntimeResolver.VisitCache(ServiceCallSite callSite, RuntimeResolverContext context, ServiceProviderEngineScope serviceProviderEngine, RuntimeResolverLock lockType)
         at Microsoft.Extensions.DependencyInjection.ServiceLookup.CallSiteRuntimeResolver.VisitScopeCache(ServiceCallSite callSite, RuntimeResolverContext context)
         at Microsoft.Extensions.DependencyInjection.ServiceLookup.CallSiteVisitor`2.VisitCallSite(ServiceCallSite callSite, TArgument argument)
         at Microsoft.Extensions.DependencyInjection.ServiceLookup.CallSiteRuntimeResolver.VisitConstructor(ConstructorCallSite constructorCallSite, RuntimeResolverContext context)
         at Microsoft.Extensions.DependencyInjection.ServiceLookup.CallSiteVisitor`2.VisitCallSiteMain(ServiceCallSite callSite, TArgument argument)
         at Microsoft.Extensions.DependencyInjection.ServiceLookup.CallSiteRuntimeResolver.VisitCache(ServiceCallSite callSite, RuntimeResolverContext context, ServiceProviderEngineScope serviceProviderEngine, RuntimeResolverLock lockType)
         at Microsoft.Extensions.DependencyInjection.ServiceLookup.CallSiteRuntimeResolver.VisitScopeCache(ServiceCallSite callSite, RuntimeResolverContext context)
         at Microsoft.Extensions.DependencyInjection.ServiceLookup.CallSiteVisitor`2.VisitCallSite(ServiceCallSite callSite, TArgument argument)
         at Microsoft.Extensions.DependencyInjection.ServiceLookup.CallSiteRuntimeResolver.VisitConstructor(ConstructorCallSite constructorCallSite, RuntimeResolverContext context)
         at Microsoft.Extensions.DependencyInjection.ServiceLookup.CallSiteVisitor`2.VisitCallSiteMain(ServiceCallSite callSite, TArgument argument)
         at Microsoft.Extensions.DependencyInjection.ServiceLookup.CallSiteRuntimeResolver.VisitCache(ServiceCallSite callSite, RuntimeResolverContext context, ServiceProviderEngineScope serviceProviderEngine, RuntimeResolverLock lockType)
         at Microsoft.Extensions.DependencyInjection.ServiceLookup.CallSiteRuntimeResolver.VisitScopeCache(ServiceCallSite callSite, RuntimeResolverContext context)
         at Microsoft.Extensions.DependencyInjection.ServiceLookup.CallSiteVisitor`2.VisitCallSite(ServiceCallSite callSite, TArgument argument)
         at Microsoft.Extensions.DependencyInjection.ServiceLookup.CallSiteRuntimeResolver.VisitConstructor(ConstructorCallSite constructorCallSite, RuntimeResolverContext context)
         at Microsoft.Extensions.DependencyInjection.ServiceLookup.CallSiteVisitor`2.VisitCallSiteMain(ServiceCallSite callSite, TArgument argument)
         at Microsoft.Extensions.DependencyInjection.ServiceLookup.CallSiteRuntimeResolver.VisitCache(ServiceCallSite callSite, RuntimeResolverContext context, ServiceProviderEngineScope serviceProviderEngine, RuntimeResolverLock lockType)
         at Microsoft.Extensions.DependencyInjection.ServiceLookup.CallSiteRuntimeResolver.VisitScopeCache(ServiceCallSite callSite, RuntimeResolverContext context)
         at Microsoft.Extensions.DependencyInjection.ServiceLookup.CallSiteVisitor`2.VisitCallSite(ServiceCallSite callSite, TArgument argument)
         at Microsoft.Extensions.DependencyInjection.ServiceLookup.CallSiteRuntimeResolver.VisitConstructor(ConstructorCallSite constructorCallSite, RuntimeResolverContext context)
         at Microsoft.Extensions.DependencyInjection.ServiceLookup.CallSiteVisitor`2.VisitCallSiteMain(ServiceCallSite callSite, TArgument argument)
         at Microsoft.Extensions.DependencyInjection.ServiceLookup.CallSiteRuntimeResolver.VisitCache(ServiceCallSite callSite, RuntimeResolverContext context, ServiceProviderEngineScope serviceProviderEngine, RuntimeResolverLock lockType)
         at Microsoft.Extensions.DependencyInjection.ServiceLookup.CallSiteRuntimeResolver.VisitScopeCache(ServiceCallSite callSite, RuntimeResolverContext context)
         at Microsoft.Extensions.DependencyInjection.ServiceLookup.CallSiteVisitor`2.VisitCallSite(ServiceCallSite callSite, TArgument argument)
         at Microsoft.Extensions.DependencyInjection.ServiceLookup.CallSiteRuntimeResolver.VisitConstructor(ConstructorCallSite constructorCallSite, RuntimeResolverContext context)
         at Microsoft.Extensions.DependencyInjection.ServiceLookup.CallSiteVisitor`2.VisitCallSiteMain(ServiceCallSite callSite, TArgument argument)
         at Microsoft.Extensions.DependencyInjection.ServiceLookup.CallSiteRuntimeResolver.VisitCache(ServiceCallSite callSite, RuntimeResolverContext context, ServiceProviderEngineScope serviceProviderEngine, RuntimeResolverLock lockType)
         at Microsoft.Extensions.DependencyInjection.ServiceLookup.CallSiteRuntimeResolver.VisitScopeCache(ServiceCallSite callSite, RuntimeResolverContext context)
         at Microsoft.Extensions.DependencyInjection.ServiceLookup.CallSiteVisitor`2.VisitCallSite(ServiceCallSite callSite, TArgument argument)
         at Microsoft.Extensions.DependencyInjection.ServiceLookup.CallSiteRuntimeResolver.Resolve(ServiceCallSite callSite, ServiceProviderEngineScope scope)
         at Microsoft.Extensions.DependencyInjection.ServiceLookup.DynamicServiceProviderEngine.<>c__DisplayClass2_0.<RealizeService>b__0(ServiceProviderEngineScope scope)
         at Microsoft.Extensions.DependencyInjection.ServiceProvider.GetService(ServiceIdentifier serviceIdentifier, ServiceProviderEngineScope serviceProviderEngineScope)
         at Microsoft.Extensions.DependencyInjection.ServiceLookup.ServiceProviderEngineScope.GetService(Type serviceType)
         at Microsoft.Extensions.DependencyInjection.ServiceProviderServiceExtensions.GetRequiredService(IServiceProvider provider, Type serviceType)
         at Microsoft.Extensions.DependencyInjection.ServiceProviderServiceExtensions.GetRequiredService[T](IServiceProvider provider)
         at Microsoft.EntityFrameworkCore.DbContext.get_DbContextDependencies()
         at Microsoft.EntityFrameworkCore.DbContext.get_ContextServices()
         at Microsoft.EntityFrameworkCore.DbContext.get_InternalServiceProvider()
         at Microsoft.EntityFrameworkCore.DbContext.get_DbContextDependencies()
         at Microsoft.EntityFrameworkCore.DbContext.Set[TEntity]()
         at Prueba1.Infrastructure.Data.ApplicationDbContext.get_Usuarios() in C:\Users\czalb\Downloads\edelion\ImpactX-backend-apis\ImpactXv1\Infrastructure\Data\ApplicationDbContext.cs:line 13
         at Prueba1.Infrastructure.Data.Repositories.EF.UsuarioRepository.ExistsByCorreoAsync(String correo) in C:\Users\czalb\Downloads\edelion\ImpactX-backend-apis\ImpactXv1\Infrastructure\Data\Repositories\EF\UsuarioRepository.cs:line 45
         at Prueba1.Services.AuthService.RegisterAsync(RegisterRequest request) in C:\Users\czalb\Downloads\edelion\ImpactX-backend-apis\ImpactXv1\Services\AuthService.cs:line 35
         at Prueba1.Controllers.AuthController.Register(RegisterRequest request) in C:\Users\czalb\Downloads\edelion\ImpactX-backend-apis\ImpactXv1\Controllers\AuthController.cs:line 23
         at Microsoft.AspNetCore.Mvc.Infrastructure.ActionMethodExecutor.TaskOfIActionResultExecutor.Execute(ActionContext actionContext, IActionResultTypeMapper mapper, ObjectMethodExecutor executor, Object controller, Object[] arguments)
         at Microsoft.AspNetCore.Mvc.Infrastructure.ControllerActionInvoker.<InvokeActionMethodAsync>g__Awaited|12_0(ControllerActionInvoker invoker, ValueTask`1 actionResultValueTask)
         at Microsoft.AspNetCore.Mvc.Infrastructure.ControllerActionInvoker.<InvokeNextActionFilterAsync>g__Awaited|10_0(ControllerActionInvoker invoker, Task lastTask, State next, Scope scope, Object state, Boolean isCompleted)
         at Microsoft.AspNetCore.Mvc.Infrastructure.ControllerActionInvoker.Rethrow(ActionExecutedContextSealed context)
         at Microsoft.AspNetCore.Mvc.Infrastructure.ControllerActionInvoker.Next(State& next, Scope& scope, Object& state, Boolean& isCompleted)
         at Microsoft.AspNetCore.Mvc.Infrastructure.ControllerActionInvoker.InvokeInnerFilterAsync()
      --- End of stack trace from previous location ---
         at Microsoft.AspNetCore.Mvc.Infrastructure.ResourceInvoker.<InvokeFilterPipelineAsync>g__Awaited|20_0(ResourceInvoker invoker, Task lastTask, State next, Scope scope, Object state, Boolean isCompleted)
         at Microsoft.AspNetCore.Mvc.Infrastructure.ResourceInvoker.<InvokeAsync>g__Logged|17_1(ResourceInvoker invoker)
         at Microsoft.AspNetCore.Mvc.Infrastructure.ResourceInvoker.<InvokeAsync>g__Logged|17_1(ResourceInvoker invoker)
         at Microsoft.AspNetCore.Routing.EndpointMiddleware.<Invoke>g__AwaitRequestTask|7_0(Endpoint endpoint, Task requestTask, ILogger logger)
         at Microsoft.AspNetCore.Authorization.AuthorizationMiddleware.Invoke(HttpContext context)
         at Microsoft.AspNetCore.Authentication.AuthenticationMiddleware.Invoke(HttpContext context)
         at Swashbuckle.AspNetCore.SwaggerUI.SwaggerUIMiddleware.Invoke(HttpContext httpContext)
         at Prueba1.Middleware.SecurityHeadersMiddleware.InvokeAsync(HttpContext context) in C:\Users\czalb\Downloads\edelion\ImpactX-backend-apis\ImpactXv1\Middleware\SecurityHeadersMiddleware.cs:line 26
         at Prueba1.Middleware.RequestLoggingMiddleware.InvokeAsync(HttpContext context) in C:\Users\czalb\Downloads\edelion\ImpactX-backend-apis\ImpactXv1\Middleware\RequestLoggingMiddleware.cs:line 22
         at Prueba1.Middleware.ExceptionHandlingMiddleware.InvokeAsync(HttpContext context) in C:\Users\czalb\Downloads\edelion\ImpactX-backend-apis\ImpactXv1\Middleware\ExceptionHandlingMiddleware.cs:line 22
info: Microsoft.AspNetCore.Hosting.Diagnostics[2]
      Request finished HTTP/1.1 POST http://localhost/api/auth/register - 500 - application/json 35.5577ms
[xUnit.net 00:00:02.77]       Assert.Equal() Failure: Values differ
[xUnit.net 00:00:02.77]       Expected: OK
[xUnit.net 00:00:02.77]       Actual:   InternalServerError
[xUnit.net 00:00:02.77]       Stack Trace:
[xUnit.net 00:00:02.77]         C:\Users\czalb\Downloads\edelion\ImpactX-backend-apis\Prueba1.Tests\Integration\AuthControllerTests.cs(45,0): at Prueba1.Tests.Integration.AuthControllerTests.Register_WithDuplicateEmail_ReturnsConflict()
[xUnit.net 00:00:02.77]         --- End of stack trace from previous location ---
info: Microsoft.AspNetCore.Hosting.Diagnostics[1]
      Request starting HTTP/1.1 POST http://localhost/api/auth/register - application/json;+charset=utf-8 110
info: Microsoft.AspNetCore.Routing.EndpointMiddleware[0]
      Executing endpoint 'Prueba1.Controllers.AuthController.Register (Prueba1)'
info: Microsoft.AspNetCore.Mvc.Infrastructure.ControllerActionInvoker[102]
      Route matched with {action = "Register", controller = "Auth"}. Executing controller action with signature System.Threading.Tasks.Task`1[Microsoft.AspNetCore.Mvc.IActionResult] Register(Prueba1.Models.DTOs.RegisterRequest) on controller Prueba1.Controllers.AuthController (Prueba1).
info: Microsoft.AspNetCore.Mvc.Infrastructure.ControllerActionInvoker[105]
      Executed action Prueba1.Controllers.AuthController.Register (Prueba1) in 21.0778ms
info: Microsoft.AspNetCore.Routing.EndpointMiddleware[1]
      Executed endpoint 'Prueba1.Controllers.AuthController.Register (Prueba1)'
fail: Prueba1.Middleware.ExceptionHandlingMiddleware[0]
      Error no controlado: The entity type 'PermisosPlataforma' requires a primary key to be defined. If you intended to use a keyless entity type, call 'HasNoKey' in 'OnModelCreating'. For more information on keyless entity types, see https://go.microsoft.com/fwlink/?linkid=2141943.
      System.InvalidOperationException: The entity type 'PermisosPlataforma' requires a primary key to be defined. If you intended to use a keyless entity type, call 'HasNoKey' in 'OnModelCreating'. For more information on keyless entity types, see https://go.microsoft.com/fwlink/?linkid=2141943.
         at Microsoft.EntityFrameworkCore.Infrastructure.ModelValidator.ValidateNonNullPrimaryKeys(IModel model, IDiagnosticsLogger`1 logger)
         at Microsoft.EntityFrameworkCore.Infrastructure.ModelValidator.Validate(IModel model, IDiagnosticsLogger`1 logger)
         at Microsoft.EntityFrameworkCore.InMemory.Infrastructure.Internal.InMemoryModelValidator.Validate(IModel model, IDiagnosticsLogger`1 logger)
         at Microsoft.EntityFrameworkCore.Infrastructure.ModelRuntimeInitializer.Initialize(IModel model, Boolean designTime, IDiagnosticsLogger`1 validationLogger)
         at Microsoft.EntityFrameworkCore.Infrastructure.ModelSource.CreateModel(DbContext context, ModelCreationDependencies modelCreationDependencies, Boolean designTime)
         at Microsoft.EntityFrameworkCore.Infrastructure.ModelSource.GetModel(DbContext context, ModelCreationDependencies modelCreationDependencies, Boolean designTime)
         at Microsoft.EntityFrameworkCore.Internal.DbContextServices.CreateModel(Boolean designTime)
         at Microsoft.EntityFrameworkCore.Internal.DbContextServices.get_Model()
         at Microsoft.EntityFrameworkCore.Infrastructure.EntityFrameworkServicesBuilder.<>c.<TryAddCoreServices>b__8_4(IServiceProvider p)
         at Microsoft.Extensions.DependencyInjection.ServiceLookup.CallSiteRuntimeResolver.VisitFactory(FactoryCallSite factoryCallSite, RuntimeResolverContext context)
         at Microsoft.Extensions.DependencyInjection.ServiceLookup.CallSiteVisitor`2.VisitCallSiteMain(ServiceCallSite callSite, TArgument argument)
         at Microsoft.Extensions.DependencyInjection.ServiceLookup.CallSiteRuntimeResolver.VisitCache(ServiceCallSite callSite, RuntimeResolverContext context, ServiceProviderEngineScope serviceProviderEngine, RuntimeResolverLock lockType)
         at Microsoft.Extensions.DependencyInjection.ServiceLookup.CallSiteRuntimeResolver.VisitScopeCache(ServiceCallSite callSite, RuntimeResolverContext context)
         at Microsoft.Extensions.DependencyInjection.ServiceLookup.CallSiteVisitor`2.VisitCallSite(ServiceCallSite callSite, TArgument argument)
         at Microsoft.Extensions.DependencyInjection.ServiceLookup.CallSiteRuntimeResolver.VisitConstructor(ConstructorCallSite constructorCallSite, RuntimeResolverContext context)
         at Microsoft.Extensions.DependencyInjection.ServiceLookup.CallSiteVisitor`2.VisitCallSiteMain(ServiceCallSite callSite, TArgument argument)
         at Microsoft.Extensions.DependencyInjection.ServiceLookup.CallSiteRuntimeResolver.VisitCache(ServiceCallSite callSite, RuntimeResolverContext context, ServiceProviderEngineScope serviceProviderEngine, RuntimeResolverLock lockType)
         at Microsoft.Extensions.DependencyInjection.ServiceLookup.CallSiteRuntimeResolver.VisitScopeCache(ServiceCallSite callSite, RuntimeResolverContext context)
         at Microsoft.Extensions.DependencyInjection.ServiceLookup.CallSiteVisitor`2.VisitCallSite(ServiceCallSite callSite, TArgument argument)
         at Microsoft.Extensions.DependencyInjection.ServiceLookup.CallSiteRuntimeResolver.VisitConstructor(ConstructorCallSite constructorCallSite, RuntimeResolverContext context)
         at Microsoft.Extensions.DependencyInjection.ServiceLookup.CallSiteVisitor`2.VisitCallSiteMain(ServiceCallSite callSite, TArgument argument)
         at Microsoft.Extensions.DependencyInjection.ServiceLookup.CallSiteRuntimeResolver.VisitCache(ServiceCallSite callSite, RuntimeResolverContext context, ServiceProviderEngineScope serviceProviderEngine, RuntimeResolverLock lockType)
         at Microsoft.Extensions.DependencyInjection.ServiceLookup.CallSiteRuntimeResolver.VisitScopeCache(ServiceCallSite callSite, RuntimeResolverContext context)
         at Microsoft.Extensions.DependencyInjection.ServiceLookup.CallSiteVisitor`2.VisitCallSite(ServiceCallSite callSite, TArgument argument)
         at Microsoft.Extensions.DependencyInjection.ServiceLookup.CallSiteRuntimeResolver.VisitConstructor(ConstructorCallSite constructorCallSite, RuntimeResolverContext context)
         at Microsoft.Extensions.DependencyInjection.ServiceLookup.CallSiteVisitor`2.VisitCallSiteMain(ServiceCallSite callSite, TArgument argument)
         at Microsoft.Extensions.DependencyInjection.ServiceLookup.CallSiteRuntimeResolver.VisitCache(ServiceCallSite callSite, RuntimeResolverContext context, ServiceProviderEngineScope serviceProviderEngine, RuntimeResolverLock lockType)
         at Microsoft.Extensions.DependencyInjection.ServiceLookup.CallSiteRuntimeResolver.VisitScopeCache(ServiceCallSite callSite, RuntimeResolverContext context)
         at Microsoft.Extensions.DependencyInjection.ServiceLookup.CallSiteVisitor`2.VisitCallSite(ServiceCallSite callSite, TArgument argument)
         at Microsoft.Extensions.DependencyInjection.ServiceLookup.CallSiteRuntimeResolver.VisitConstructor(ConstructorCallSite constructorCallSite, RuntimeResolverContext context)
         at Microsoft.Extensions.DependencyInjection.ServiceLookup.CallSiteVisitor`2.VisitCallSiteMain(ServiceCallSite callSite, TArgument argument)
         at Microsoft.Extensions.DependencyInjection.ServiceLookup.CallSiteRuntimeResolver.VisitCache(ServiceCallSite callSite, RuntimeResolverContext context, ServiceProviderEngineScope serviceProviderEngine, RuntimeResolverLock lockType)
         at Microsoft.Extensions.DependencyInjection.ServiceLookup.CallSiteRuntimeResolver.VisitScopeCache(ServiceCallSite callSite, RuntimeResolverContext context)
         at Microsoft.Extensions.DependencyInjection.ServiceLookup.CallSiteVisitor`2.VisitCallSite(ServiceCallSite callSite, TArgument argument)
         at Microsoft.Extensions.DependencyInjection.ServiceLookup.CallSiteRuntimeResolver.VisitConstructor(ConstructorCallSite constructorCallSite, RuntimeResolverContext context)
         at Microsoft.Extensions.DependencyInjection.ServiceLookup.CallSiteVisitor`2.VisitCallSiteMain(ServiceCallSite callSite, TArgument argument)
         at Microsoft.Extensions.DependencyInjection.ServiceLookup.CallSiteRuntimeResolver.VisitCache(ServiceCallSite callSite, RuntimeResolverContext context, ServiceProviderEngineScope serviceProviderEngine, RuntimeResolverLock lockType)
         at Microsoft.Extensions.DependencyInjection.ServiceLookup.CallSiteRuntimeResolver.VisitScopeCache(ServiceCallSite callSite, RuntimeResolverContext context)
         at Microsoft.Extensions.DependencyInjection.ServiceLookup.CallSiteVisitor`2.VisitCallSite(ServiceCallSite callSite, TArgument argument)
         at Microsoft.Extensions.DependencyInjection.ServiceLookup.CallSiteRuntimeResolver.Resolve(ServiceCallSite callSite, ServiceProviderEngineScope scope)
         at Microsoft.Extensions.DependencyInjection.ServiceLookup.DynamicServiceProviderEngine.<>c__DisplayClass2_0.<RealizeService>b__0(ServiceProviderEngineScope scope)
         at Microsoft.Extensions.DependencyInjection.ServiceProvider.GetService(ServiceIdentifier serviceIdentifier, ServiceProviderEngineScope serviceProviderEngineScope)
         at Microsoft.Extensions.DependencyInjection.ServiceLookup.ServiceProviderEngineScope.GetService(Type serviceType)
         at Microsoft.Extensions.DependencyInjection.ServiceProviderServiceExtensions.GetRequiredService(IServiceProvider provider, Type serviceType)
         at Microsoft.Extensions.DependencyInjection.ServiceProviderServiceExtensions.GetRequiredService[T](IServiceProvider provider)
         at Microsoft.EntityFrameworkCore.DbContext.get_DbContextDependencies()
         at Microsoft.EntityFrameworkCore.DbContext.get_ContextServices()
         at Microsoft.EntityFrameworkCore.DbContext.get_InternalServiceProvider()
         at Microsoft.EntityFrameworkCore.DbContext.get_DbContextDependencies()
         at Microsoft.EntityFrameworkCore.DbContext.Set[TEntity]()
         at Prueba1.Infrastructure.Data.ApplicationDbContext.get_Usuarios() in C:\Users\czalb\Downloads\edelion\ImpactX-backend-apis\ImpactXv1\Infrastructure\Data\ApplicationDbContext.cs:line 13
         at Prueba1.Infrastructure.Data.Repositories.EF.UsuarioRepository.ExistsByCorreoAsync(String correo) in C:\Users\czalb\Downloads\edelion\ImpactX-backend-apis\ImpactXv1\Infrastructure\Data\Repositories\EF\UsuarioRepository.cs:line 45
         at Prueba1.Services.AuthService.RegisterAsync(RegisterRequest request) in C:\Users\czalb\Downloads\edelion\ImpactX-backend-apis\ImpactXv1\Services\AuthService.cs:line 35
         at Prueba1.Controllers.AuthController.Register(RegisterRequest request) in C:\Users\czalb\Downloads\edelion\ImpactX-backend-apis\ImpactXv1\Controllers\AuthController.cs:line 23
         at Microsoft.AspNetCore.Mvc.Infrastructure.ActionMethodExecutor.TaskOfIActionResultExecutor.Execute(ActionContext actionContext, IActionResultTypeMapper mapper, ObjectMethodExecutor executor, Object controller, Object[] arguments)
         at Microsoft.AspNetCore.Mvc.Infrastructure.ControllerActionInvoker.<InvokeActionMethodAsync>g__Awaited|12_0(ControllerActionInvoker invoker, ValueTask`1 actionResultValueTask)
         at Microsoft.AspNetCore.Mvc.Infrastructure.ControllerActionInvoker.<InvokeNextActionFilterAsync>g__Awaited|10_0(ControllerActionInvoker invoker, Task lastTask, State next, Scope scope, Object state, Boolean isCompleted)
         at Microsoft.AspNetCore.Mvc.Infrastructure.ControllerActionInvoker.Rethrow(ActionExecutedContextSealed context)
         at Microsoft.AspNetCore.Mvc.Infrastructure.ControllerActionInvoker.Next(State& next, Scope& scope, Object& state, Boolean& isCompleted)
         at Microsoft.AspNetCore.Mvc.Infrastructure.ControllerActionInvoker.InvokeInnerFilterAsync()
      --- End of stack trace from previous location ---
         at Microsoft.AspNetCore.Mvc.Infrastructure.ResourceInvoker.<InvokeFilterPipelineAsync>g__Awaited|20_0(ResourceInvoker invoker, Task lastTask, State next, Scope scope, Object state, Boolean isCompleted)
         at Microsoft.AspNetCore.Mvc.Infrastructure.ResourceInvoker.<InvokeAsync>g__Logged|17_1(ResourceInvoker invoker)
         at Microsoft.AspNetCore.Mvc.Infrastructure.ResourceInvoker.<InvokeAsync>g__Logged|17_1(ResourceInvoker invoker)
         at Microsoft.AspNetCore.Routing.EndpointMiddleware.<Invoke>g__AwaitRequestTask|7_0(Endpoint endpoint, Task requestTask, ILogger logger)
         at Microsoft.AspNetCore.Authorization.AuthorizationMiddleware.Invoke(HttpContext context)
         at Microsoft.AspNetCore.Authentication.AuthenticationMiddleware.Invoke(HttpContext context)
         at Swashbuckle.AspNetCore.SwaggerUI.SwaggerUIMiddleware.Invoke(HttpContext httpContext)
         at Prueba1.Middleware.SecurityHeadersMiddleware.InvokeAsync(HttpContext context) in C:\Users\czalb\Downloads\edelion\ImpactX-backend-apis\ImpactXv1\Middleware\SecurityHeadersMiddleware.cs:line 26
         at Prueba1.Middleware.RequestLoggingMiddleware.InvokeAsync(HttpContext context) in C:\Users\czalb\Downloads\edelion\ImpactX-backend-apis\ImpactXv1\Middleware\RequestLoggingMiddleware.cs:line 22
         at Prueba1.Middleware.ExceptionHandlingMiddleware.InvokeAsync(HttpContext context) in C:\Users\czalb\Downloads\edelion\ImpactX-backend-apis\ImpactXv1\Middleware\ExceptionHandlingMiddleware.cs:line 22
info: Microsoft.AspNetCore.Hosting.Diagnostics[2]
      Request finished HTTP/1.1 POST http://localhost/api/auth/register - 500 - application/json 24.5914ms
[xUnit.net 00:00:02.80]       Assert.Equal() Failure: Values differ
[xUnit.net 00:00:02.80]       Expected: OK
[xUnit.net 00:00:02.80]       Actual:   InternalServerError
[xUnit.net 00:00:02.80]       Stack Trace:
[xUnit.net 00:00:02.80]         C:\Users\czalb\Downloads\edelion\ImpactX-backend-apis\Prueba1.Tests\Integration\AuthControllerTests.cs(188,0): at Prueba1.Tests.Integration.AuthControllerTests.FullAuthFlow_RegisterLoginLogout_Works()
[xUnit.net 00:00:02.80]         --- End of stack trace from previous location ---
info: Microsoft.AspNetCore.Hosting.Diagnostics[1]
      Request starting HTTP/1.1 POST http://localhost/api/auth/recover-password - application/json;+charset=utf-8 66
info: Microsoft.AspNetCore.Routing.EndpointMiddleware[0]
      Executing endpoint 'Prueba1.Controllers.AuthController.RecoverPassword (Prueba1)'
info: Microsoft.AspNetCore.Mvc.Infrastructure.ControllerActionInvoker[102]
      Route matched with {action = "RecoverPassword", controller = "Auth"}. Executing controller action with signature System.Threading.Tasks.Task`1[Microsoft.AspNetCore.Mvc.IActionResult] RecoverPassword(Prueba1.Models.DTOs.RecoverPasswordRequest) on controller Prueba1.Controllers.AuthController (Prueba1).
info: Microsoft.AspNetCore.Mvc.Infrastructure.ControllerActionInvoker[105]
      Executed action Prueba1.Controllers.AuthController.RecoverPassword (Prueba1) in 30.1028ms
info: Microsoft.AspNetCore.Routing.EndpointMiddleware[1]
      Executed endpoint 'Prueba1.Controllers.AuthController.RecoverPassword (Prueba1)'
fail: Prueba1.Middleware.ExceptionHandlingMiddleware[0]
      Error no controlado: The entity type 'PermisosPlataforma' requires a primary key to be defined. If you intended to use a keyless entity type, call 'HasNoKey' in 'OnModelCreating'. For more information on keyless entity types, see https://go.microsoft.com/fwlink/?linkid=2141943.
      System.InvalidOperationException: The entity type 'PermisosPlataforma' requires a primary key to be defined. If you intended to use a keyless entity type, call 'HasNoKey' in 'OnModelCreating'. For more information on keyless entity types, see https://go.microsoft.com/fwlink/?linkid=2141943.
         at Microsoft.EntityFrameworkCore.Infrastructure.ModelValidator.ValidateNonNullPrimaryKeys(IModel model, IDiagnosticsLogger`1 logger)
         at Microsoft.EntityFrameworkCore.Infrastructure.ModelValidator.Validate(IModel model, IDiagnosticsLogger`1 logger)
         at Microsoft.EntityFrameworkCore.InMemory.Infrastructure.Internal.InMemoryModelValidator.Validate(IModel model, IDiagnosticsLogger`1 logger)
         at Microsoft.EntityFrameworkCore.Infrastructure.ModelRuntimeInitializer.Initialize(IModel model, Boolean designTime, IDiagnosticsLogger`1 validationLogger)
         at Microsoft.EntityFrameworkCore.Infrastructure.ModelSource.CreateModel(DbContext context, ModelCreationDependencies modelCreationDependencies, Boolean designTime)
         at Microsoft.EntityFrameworkCore.Infrastructure.ModelSource.GetModel(DbContext context, ModelCreationDependencies modelCreationDependencies, Boolean designTime)
         at Microsoft.EntityFrameworkCore.Internal.DbContextServices.CreateModel(Boolean designTime)
         at Microsoft.EntityFrameworkCore.Internal.DbContextServices.get_Model()
         at Microsoft.EntityFrameworkCore.Infrastructure.EntityFrameworkServicesBuilder.<>c.<TryAddCoreServices>b__8_4(IServiceProvider p)
         at Microsoft.Extensions.DependencyInjection.ServiceLookup.CallSiteRuntimeResolver.VisitFactory(FactoryCallSite factoryCallSite, RuntimeResolverContext context)
         at Microsoft.Extensions.DependencyInjection.ServiceLookup.CallSiteVisitor`2.VisitCallSiteMain(ServiceCallSite callSite, TArgument argument)
         at Microsoft.Extensions.DependencyInjection.ServiceLookup.CallSiteRuntimeResolver.VisitCache(ServiceCallSite callSite, RuntimeResolverContext context, ServiceProviderEngineScope serviceProviderEngine, RuntimeResolverLock lockType)
         at Microsoft.Extensions.DependencyInjection.ServiceLookup.CallSiteRuntimeResolver.VisitScopeCache(ServiceCallSite callSite, RuntimeResolverContext context)
         at Microsoft.Extensions.DependencyInjection.ServiceLookup.CallSiteVisitor`2.VisitCallSite(ServiceCallSite callSite, TArgument argument)
         at Microsoft.Extensions.DependencyInjection.ServiceLookup.CallSiteRuntimeResolver.VisitConstructor(ConstructorCallSite constructorCallSite, RuntimeResolverContext context)
         at Microsoft.Extensions.DependencyInjection.ServiceLookup.CallSiteVisitor`2.VisitCallSiteMain(ServiceCallSite callSite, TArgument argument)
         at Microsoft.Extensions.DependencyInjection.ServiceLookup.CallSiteRuntimeResolver.VisitCache(ServiceCallSite callSite, RuntimeResolverContext context, ServiceProviderEngineScope serviceProviderEngine, RuntimeResolverLock lockType)
         at Microsoft.Extensions.DependencyInjection.ServiceLookup.CallSiteRuntimeResolver.VisitScopeCache(ServiceCallSite callSite, RuntimeResolverContext context)
         at Microsoft.Extensions.DependencyInjection.ServiceLookup.CallSiteVisitor`2.VisitCallSite(ServiceCallSite callSite, TArgument argument)
         at Microsoft.Extensions.DependencyInjection.ServiceLookup.CallSiteRuntimeResolver.VisitConstructor(ConstructorCallSite constructorCallSite, RuntimeResolverContext context)
         at Microsoft.Extensions.DependencyInjection.ServiceLookup.CallSiteVisitor`2.VisitCallSiteMain(ServiceCallSite callSite, TArgument argument)
         at Microsoft.Extensions.DependencyInjection.ServiceLookup.CallSiteRuntimeResolver.VisitCache(ServiceCallSite callSite, RuntimeResolverContext context, ServiceProviderEngineScope serviceProviderEngine, RuntimeResolverLock lockType)
         at Microsoft.Extensions.DependencyInjection.ServiceLookup.CallSiteRuntimeResolver.VisitScopeCache(ServiceCallSite callSite, RuntimeResolverContext context)
         at Microsoft.Extensions.DependencyInjection.ServiceLookup.CallSiteVisitor`2.VisitCallSite(ServiceCallSite callSite, TArgument argument)
         at Microsoft.Extensions.DependencyInjection.ServiceLookup.CallSiteRuntimeResolver.VisitConstructor(ConstructorCallSite constructorCallSite, RuntimeResolverContext context)
         at Microsoft.Extensions.DependencyInjection.ServiceLookup.CallSiteVisitor`2.VisitCallSiteMain(ServiceCallSite callSite, TArgument argument)
         at Microsoft.Extensions.DependencyInjection.ServiceLookup.CallSiteRuntimeResolver.VisitCache(ServiceCallSite callSite, RuntimeResolverContext context, ServiceProviderEngineScope serviceProviderEngine, RuntimeResolverLock lockType)
         at Microsoft.Extensions.DependencyInjection.ServiceLookup.CallSiteRuntimeResolver.VisitScopeCache(ServiceCallSite callSite, RuntimeResolverContext context)
         at Microsoft.Extensions.DependencyInjection.ServiceLookup.CallSiteVisitor`2.VisitCallSite(ServiceCallSite callSite, TArgument argument)
         at Microsoft.Extensions.DependencyInjection.ServiceLookup.CallSiteRuntimeResolver.VisitConstructor(ConstructorCallSite constructorCallSite, RuntimeResolverContext context)
         at Microsoft.Extensions.DependencyInjection.ServiceLookup.CallSiteVisitor`2.VisitCallSiteMain(ServiceCallSite callSite, TArgument argument)
         at Microsoft.Extensions.DependencyInjection.ServiceLookup.CallSiteRuntimeResolver.VisitCache(ServiceCallSite callSite, RuntimeResolverContext context, ServiceProviderEngineScope serviceProviderEngine, RuntimeResolverLock lockType)
         at Microsoft.Extensions.DependencyInjection.ServiceLookup.CallSiteRuntimeResolver.VisitScopeCache(ServiceCallSite callSite, RuntimeResolverContext context)
         at Microsoft.Extensions.DependencyInjection.ServiceLookup.CallSiteVisitor`2.VisitCallSite(ServiceCallSite callSite, TArgument argument)
         at Microsoft.Extensions.DependencyInjection.ServiceLookup.CallSiteRuntimeResolver.VisitConstructor(ConstructorCallSite constructorCallSite, RuntimeResolverContext context)
         at Microsoft.Extensions.DependencyInjection.ServiceLookup.CallSiteVisitor`2.VisitCallSiteMain(ServiceCallSite callSite, TArgument argument)
         at Microsoft.Extensions.DependencyInjection.ServiceLookup.CallSiteRuntimeResolver.VisitCache(ServiceCallSite callSite, RuntimeResolverContext context, ServiceProviderEngineScope serviceProviderEngine, RuntimeResolverLock lockType)
         at Microsoft.Extensions.DependencyInjection.ServiceLookup.CallSiteRuntimeResolver.VisitScopeCache(ServiceCallSite callSite, RuntimeResolverContext context)
         at Microsoft.Extensions.DependencyInjection.ServiceLookup.CallSiteVisitor`2.VisitCallSite(ServiceCallSite callSite, TArgument argument)
         at Microsoft.Extensions.DependencyInjection.ServiceLookup.CallSiteRuntimeResolver.Resolve(ServiceCallSite callSite, ServiceProviderEngineScope scope)
         at Microsoft.Extensions.DependencyInjection.ServiceLookup.DynamicServiceProviderEngine.<>c__DisplayClass2_0.<RealizeService>b__0(ServiceProviderEngineScope scope)
         at Microsoft.Extensions.DependencyInjection.ServiceProvider.GetService(ServiceIdentifier serviceIdentifier, ServiceProviderEngineScope serviceProviderEngineScope)
         at Microsoft.Extensions.DependencyInjection.ServiceLookup.ServiceProviderEngineScope.GetService(Type serviceType)
         at Microsoft.Extensions.DependencyInjection.ServiceProviderServiceExtensions.GetRequiredService(IServiceProvider provider, Type serviceType)
         at Microsoft.Extensions.DependencyInjection.ServiceProviderServiceExtensions.GetRequiredService[T](IServiceProvider provider)
         at Microsoft.EntityFrameworkCore.DbContext.get_DbContextDependencies()
         at Microsoft.EntityFrameworkCore.DbContext.get_ContextServices()
         at Microsoft.EntityFrameworkCore.DbContext.get_InternalServiceProvider()
         at Microsoft.EntityFrameworkCore.DbContext.get_DbContextDependencies()
         at Microsoft.EntityFrameworkCore.DbContext.Set[TEntity]()
         at Prueba1.Infrastructure.Data.ApplicationDbContext.get_Usuarios() in C:\Users\czalb\Downloads\edelion\ImpactX-backend-apis\ImpactXv1\Infrastructure\Data\ApplicationDbContext.cs:line 13
         at Prueba1.Infrastructure.Data.Repositories.EF.UsuarioRepository.GetByCorreoAsync(String correo) in C:\Users\czalb\Downloads\edelion\ImpactX-backend-apis\ImpactXv1\Infrastructure\Data\Repositories\EF\UsuarioRepository.cs:line 23
         at Prueba1.Services.AuthService.RecoverPasswordAsync(RecoverPasswordRequest request) in C:\Users\czalb\Downloads\edelion\ImpactX-backend-apis\ImpactXv1\Services\AuthService.cs:line 103
         at Prueba1.Controllers.AuthController.RecoverPassword(RecoverPasswordRequest request) in C:\Users\czalb\Downloads\edelion\ImpactX-backend-apis\ImpactXv1\Controllers\AuthController.cs:line 45
         at Microsoft.AspNetCore.Mvc.Infrastructure.ActionMethodExecutor.TaskOfIActionResultExecutor.Execute(ActionContext actionContext, IActionResultTypeMapper mapper, ObjectMethodExecutor executor, Object controller, Object[] arguments)
         at Microsoft.AspNetCore.Mvc.Infrastructure.ControllerActionInvoker.<InvokeActionMethodAsync>g__Awaited|12_0(ControllerActionInvoker invoker, ValueTask`1 actionResultValueTask)
         at Microsoft.AspNetCore.Mvc.Infrastructure.ControllerActionInvoker.<InvokeNextActionFilterAsync>g__Awaited|10_0(ControllerActionInvoker invoker, Task lastTask, State next, Scope scope, Object state, Boolean isCompleted)
         at Microsoft.AspNetCore.Mvc.Infrastructure.ControllerActionInvoker.Rethrow(ActionExecutedContextSealed context)
         at Microsoft.AspNetCore.Mvc.Infrastructure.ControllerActionInvoker.Next(State& next, Scope& scope, Object& state, Boolean& isCompleted)
         at Microsoft.AspNetCore.Mvc.Infrastructure.ControllerActionInvoker.InvokeInnerFilterAsync()
      --- End of stack trace from previous location ---
         at Microsoft.AspNetCore.Mvc.Infrastructure.ResourceInvoker.<InvokeFilterPipelineAsync>g__Awaited|20_0(ResourceInvoker invoker, Task lastTask, State next, Scope scope, Object state, Boolean isCompleted)
         at Microsoft.AspNetCore.Mvc.Infrastructure.ResourceInvoker.<InvokeAsync>g__Logged|17_1(ResourceInvoker invoker)
         at Microsoft.AspNetCore.Mvc.Infrastructure.ResourceInvoker.<InvokeAsync>g__Logged|17_1(ResourceInvoker invoker)
         at Microsoft.AspNetCore.Routing.EndpointMiddleware.<Invoke>g__AwaitRequestTask|7_0(Endpoint endpoint, Task requestTask, ILogger logger)
         at Microsoft.AspNetCore.Authorization.AuthorizationMiddleware.Invoke(HttpContext context)
         at Microsoft.AspNetCore.Authentication.AuthenticationMiddleware.Invoke(HttpContext context)
         at Swashbuckle.AspNetCore.SwaggerUI.SwaggerUIMiddleware.Invoke(HttpContext httpContext)
         at Prueba1.Middleware.SecurityHeadersMiddleware.InvokeAsync(HttpContext context) in C:\Users\czalb\Downloads\edelion\ImpactX-backend-apis\ImpactXv1\Middleware\SecurityHeadersMiddleware.cs:line 26
         at Prueba1.Middleware.RequestLoggingMiddleware.InvokeAsync(HttpContext context) in C:\Users\czalb\Downloads\edelion\ImpactX-backend-apis\ImpactXv1\Middleware\RequestLoggingMiddleware.cs:line 22
         at Prueba1.Middleware.ExceptionHandlingMiddleware.InvokeAsync(HttpContext context) in C:\Users\czalb\Downloads\edelion\ImpactX-backend-apis\ImpactXv1\Middleware\ExceptionHandlingMiddleware.cs:line 22
info: Microsoft.AspNetCore.Hosting.Diagnostics[2]
      Request finished HTTP/1.1 POST http://localhost/api/auth/recover-password - 500 - application/json 41.7840ms
[xUnit.net 00:00:02.85]       Assert.Equal() Failure: Values differ
info: Microsoft.AspNetCore.Hosting.Diagnostics[1]
      Request starting HTTP/1.1 DELETE http://localhost/api/auth/account - - -
info: Microsoft.AspNetCore.Authorization.DefaultAuthorizationService[2]
      Authorization failed. These requirements were not met:
      DenyAnonymousAuthorizationRequirement: Requires an authenticated user.
[xUnit.net 00:00:02.85]       Expected: OK
info: Microsoft.AspNetCore.Authentication.JwtBearer.JwtBearerHandler[12]
      AuthenticationScheme: Bearer was challenged.
info: Prueba1.Middleware.RequestLoggingMiddleware[0]
      DELETE /api/auth/account responded 401 in 0ms
[xUnit.net 00:00:02.85]       Actual:   InternalServerError
[xUnit.net 00:00:02.85]       Stack Trace:
[xUnit.net 00:00:02.85]         C:\Users\czalb\Downloads\edelion\ImpactX-backend-apis\Prueba1.Tests\Integration\AuthControllerTests.cs(107,0): at Prueba1.Tests.Integration.AuthControllerTests.RecoverPassword_WithAnyEmail_ReturnsOk()
[xUnit.net 00:00:02.85]         --- End of stack trace from previous location ---
info: Microsoft.AspNetCore.Hosting.Diagnostics[2]
      Request finished HTTP/1.1 DELETE http://localhost/api/auth/account - 401 - - 1.4475ms
  Con error Prueba1.Tests.Integration.AuthControllerTests.Login_WithValidCredentials_ReturnsOk [2 s]
  Mensaje de error:
   Assert.Equal() Failure: Values differ
Expected: OK
Actual:   InternalServerError
  Seguimiento de la pila:
     at Prueba1.Tests.Integration.AuthControllerTests.Login_WithValidCredentials_ReturnsOk() in C:\Users\czalb\Downloads\edelion\ImpactX-backend-apis\Prueba1.Tests\Integration\AuthControllerTests.cs:line 79
--- End of stack trace from previous location ---
  Con error Prueba1.Tests.Integration.AuthControllerTests.Register_WithValidData_ReturnsOk [83 ms]
  Mensaje de error:
   Assert.Equal() Failure: Values differ
Expected: OK
Actual:   InternalServerError
  Seguimiento de la pila:
     at Prueba1.Tests.Integration.AuthControllerTests.Register_WithValidData_ReturnsOk() in C:\Users\czalb\Downloads\edelion\ImpactX-backend-apis\Prueba1.Tests\Integration\AuthControllerTests.cs:line 26
--- End of stack trace from previous location ---
  Correctas Prueba1.Tests.Integration.AuthControllerTests.ChangePassword_WithoutAuth_ReturnsUnauthorized [22 ms]
  Correctas Prueba1.Tests.Integration.AuthControllerTests.Logout_WithoutAuth_ReturnsUnauthorized [7 ms]
  Correctas Prueba1.Tests.Integration.AuthControllerTests.ExportAccount_WithoutAuth_ReturnsUnauthorized [7 ms]
  Con error Prueba1.Tests.Integration.AuthControllerTests.Login_WithInvalidCredentials_ReturnsUnauthorized [28 ms]
  Mensaje de error:
   Assert.Equal() Failure: Values differ
Expected: Unauthorized
Actual:   InternalServerError
  Seguimiento de la pila:
     at Prueba1.Tests.Integration.AuthControllerTests.Login_WithInvalidCredentials_ReturnsUnauthorized() in C:\Users\czalb\Downloads\edelion\ImpactX-backend-apis\Prueba1.Tests\Integration\AuthControllerTests.cs:line 96
--- End of stack trace from previous location ---
  Con error Prueba1.Tests.Integration.AuthControllerTests.Register_WithDuplicateEmail_ReturnsConflict [39 ms]
  Mensaje de error:
   Assert.Equal() Failure: Values differ
Expected: OK
Actual:   InternalServerError
  Seguimiento de la pila:
     at Prueba1.Tests.Integration.AuthControllerTests.Register_WithDuplicateEmail_ReturnsConflict() in C:\Users\czalb\Downloads\edelion\ImpactX-backend-apis\Prueba1.Tests\Integration\AuthControllerTests.cs:line 45
--- End of stack trace from previous location ---
  Con error Prueba1.Tests.Integration.AuthControllerTests.FullAuthFlow_RegisterLoginLogout_Works [29 ms]
  Mensaje de error:
   Assert.Equal() Failure: Values differ
Expected: OK
Actual:   InternalServerError
  Seguimiento de la pila:
     at Prueba1.Tests.Integration.AuthControllerTests.FullAuthFlow_RegisterLoginLogout_Works() in C:\Users\czalb\Downloads\edelion\ImpactX-backend-apis\Prueba1.Tests\Integration\AuthControllerTests.cs:line 188
--- End of stack trace from previous location ---
  Con error Prueba1.Tests.Integration.AuthControllerTests.RecoverPassword_WithAnyEmail_ReturnsOk [50 ms]
  Mensaje de error:
   Assert.Equal() Failure: Values differ
Expected: OK
Actual:   InternalServerError
  Seguimiento de la pila:
     at Prueba1.Tests.Integration.AuthControllerTests.RecoverPassword_WithAnyEmail_ReturnsOk() in C:\Users\czalb\Downloads\edelion\ImpactX-backend-apis\Prueba1.Tests\Integration\AuthControllerTests.cs:line 107
--- End of stack trace from previous location ---
info: Microsoft.AspNetCore.Hosting.Diagnostics[1]
      Request starting HTTP/1.1 GET http://localhost/api/auth/sessions - - -
info: Microsoft.AspNetCore.Authorization.DefaultAuthorizationService[2]
      Authorization failed. These requirements were not met:
      DenyAnonymousAuthorizationRequirement: Requires an authenticated user.
info: Microsoft.AspNetCore.Authentication.JwtBearer.JwtBearerHandler[12]
      AuthenticationScheme: Bearer was challenged.
info: Prueba1.Middleware.RequestLoggingMiddleware[0]
      GET /api/auth/sessions responded 401 in 1ms
info: Microsoft.AspNetCore.Hosting.Diagnostics[2]
      Request finished HTTP/1.1 GET http://localhost/api/auth/sessions - 401 - - 2.0067ms
info: Microsoft.AspNetCore.Hosting.Diagnostics[1]
      Request starting HTTP/1.1 POST http://localhost/api/auth/reset-password - application/json;+charset=utf-8 53
info: Microsoft.AspNetCore.Routing.EndpointMiddleware[0]
      Executing endpoint 'Prueba1.Controllers.AuthController.ResetPassword (Prueba1)'
info: Microsoft.AspNetCore.Mvc.Infrastructure.ControllerActionInvoker[102]
      Route matched with {action = "ResetPassword", controller = "Auth"}. Executing controller action with signature System.Threading.Tasks.Task`1[Microsoft.AspNetCore.Mvc.IActionResult] ResetPassword(Prueba1.Models.DTOs.ResetPasswordRequest) on controller Prueba1.Controllers.AuthController (Prueba1).
info: Microsoft.AspNetCore.Mvc.Infrastructure.ControllerActionInvoker[105]
      Executed action Prueba1.Controllers.AuthController.ResetPassword (Prueba1) in 29.244ms
info: Microsoft.AspNetCore.Routing.EndpointMiddleware[1]
      Executed endpoint 'Prueba1.Controllers.AuthController.ResetPassword (Prueba1)'
fail: Prueba1.Middleware.ExceptionHandlingMiddleware[0]
      Error no controlado: The entity type 'PermisosPlataforma' requires a primary key to be defined. If you intended to use a keyless entity type, call 'HasNoKey' in 'OnModelCreating'. For more information on keyless entity types, see https://go.microsoft.com/fwlink/?linkid=2141943.
      System.InvalidOperationException: The entity type 'PermisosPlataforma' requires a primary key to be defined. If you intended to use a keyless entity type, call 'HasNoKey' in 'OnModelCreating'. For more information on keyless entity types, see https://go.microsoft.com/fwlink/?linkid=2141943.
         at Microsoft.EntityFrameworkCore.Infrastructure.ModelValidator.ValidateNonNullPrimaryKeys(IModel model, IDiagnosticsLogger`1 logger)
         at Microsoft.EntityFrameworkCore.Infrastructure.ModelValidator.Validate(IModel model, IDiagnosticsLogger`1 logger)
         at Microsoft.EntityFrameworkCore.InMemory.Infrastructure.Internal.InMemoryModelValidator.Validate(IModel model, IDiagnosticsLogger`1 logger)
         at Microsoft.EntityFrameworkCore.Infrastructure.ModelRuntimeInitializer.Initialize(IModel model, Boolean designTime, IDiagnosticsLogger`1 validationLogger)
         at Microsoft.EntityFrameworkCore.Infrastructure.ModelSource.CreateModel(DbContext context, ModelCreationDependencies modelCreationDependencies, Boolean designTime)
         at Microsoft.EntityFrameworkCore.Infrastructure.ModelSource.GetModel(DbContext context, ModelCreationDependencies modelCreationDependencies, Boolean designTime)
         at Microsoft.EntityFrameworkCore.Internal.DbContextServices.CreateModel(Boolean designTime)
         at Microsoft.EntityFrameworkCore.Internal.DbContextServices.get_Model()
         at Microsoft.EntityFrameworkCore.Infrastructure.EntityFrameworkServicesBuilder.<>c.<TryAddCoreServices>b__8_4(IServiceProvider p)
         at Microsoft.Extensions.DependencyInjection.ServiceLookup.CallSiteRuntimeResolver.VisitFactory(FactoryCallSite factoryCallSite, RuntimeResolverContext context)
         at Microsoft.Extensions.DependencyInjection.ServiceLookup.CallSiteVisitor`2.VisitCallSiteMain(ServiceCallSite callSite, TArgument argument)
         at Microsoft.Extensions.DependencyInjection.ServiceLookup.CallSiteRuntimeResolver.VisitCache(ServiceCallSite callSite, RuntimeResolverContext context, ServiceProviderEngineScope serviceProviderEngine, RuntimeResolverLock lockType)
         at Microsoft.Extensions.DependencyInjection.ServiceLookup.CallSiteRuntimeResolver.VisitScopeCache(ServiceCallSite callSite, RuntimeResolverContext context)
         at Microsoft.Extensions.DependencyInjection.ServiceLookup.CallSiteVisitor`2.VisitCallSite(ServiceCallSite callSite, TArgument argument)
         at Microsoft.Extensions.DependencyInjection.ServiceLookup.CallSiteRuntimeResolver.VisitConstructor(ConstructorCallSite constructorCallSite, RuntimeResolverContext context)
         at Microsoft.Extensions.DependencyInjection.ServiceLookup.CallSiteVisitor`2.VisitCallSiteMain(ServiceCallSite callSite, TArgument argument)
         at Microsoft.Extensions.DependencyInjection.ServiceLookup.CallSiteRuntimeResolver.VisitCache(ServiceCallSite callSite, RuntimeResolverContext context, ServiceProviderEngineScope serviceProviderEngine, RuntimeResolverLock lockType)
         at Microsoft.Extensions.DependencyInjection.ServiceLookup.CallSiteRuntimeResolver.VisitScopeCache(ServiceCallSite callSite, RuntimeResolverContext context)
         at Microsoft.Extensions.DependencyInjection.ServiceLookup.CallSiteVisitor`2.VisitCallSite(ServiceCallSite callSite, TArgument argument)
         at Microsoft.Extensions.DependencyInjection.ServiceLookup.CallSiteRuntimeResolver.VisitConstructor(ConstructorCallSite constructorCallSite, RuntimeResolverContext context)
         at Microsoft.Extensions.DependencyInjection.ServiceLookup.CallSiteVisitor`2.VisitCallSiteMain(ServiceCallSite callSite, TArgument argument)
         at Microsoft.Extensions.DependencyInjection.ServiceLookup.CallSiteRuntimeResolver.VisitCache(ServiceCallSite callSite, RuntimeResolverContext context, ServiceProviderEngineScope serviceProviderEngine, RuntimeResolverLock lockType)
         at Microsoft.Extensions.DependencyInjection.ServiceLookup.CallSiteRuntimeResolver.VisitScopeCache(ServiceCallSite callSite, RuntimeResolverContext context)
         at Microsoft.Extensions.DependencyInjection.ServiceLookup.CallSiteVisitor`2.VisitCallSite(ServiceCallSite callSite, TArgument argument)
         at Microsoft.Extensions.DependencyInjection.ServiceLookup.CallSiteRuntimeResolver.VisitConstructor(ConstructorCallSite constructorCallSite, RuntimeResolverContext context)
         at Microsoft.Extensions.DependencyInjection.ServiceLookup.CallSiteVisitor`2.VisitCallSiteMain(ServiceCallSite callSite, TArgument argument)
         at Microsoft.Extensions.DependencyInjection.ServiceLookup.CallSiteRuntimeResolver.VisitCache(ServiceCallSite callSite, RuntimeResolverContext context, ServiceProviderEngineScope serviceProviderEngine, RuntimeResolverLock lockType)
         at Microsoft.Extensions.DependencyInjection.ServiceLookup.CallSiteRuntimeResolver.VisitScopeCache(ServiceCallSite callSite, RuntimeResolverContext context)
         at Microsoft.Extensions.DependencyInjection.ServiceLookup.CallSiteVisitor`2.VisitCallSite(ServiceCallSite callSite, TArgument argument)
         at Microsoft.Extensions.DependencyInjection.ServiceLookup.CallSiteRuntimeResolver.VisitConstructor(ConstructorCallSite constructorCallSite, RuntimeResolverContext context)
         at Microsoft.Extensions.DependencyInjection.ServiceLookup.CallSiteVisitor`2.VisitCallSiteMain(ServiceCallSite callSite, TArgument argument)
         at Microsoft.Extensions.DependencyInjection.ServiceLookup.CallSiteRuntimeResolver.VisitCache(ServiceCallSite callSite, RuntimeResolverContext context, ServiceProviderEngineScope serviceProviderEngine, RuntimeResolverLock lockType)
         at Microsoft.Extensions.DependencyInjection.ServiceLookup.CallSiteRuntimeResolver.VisitScopeCache(ServiceCallSite callSite, RuntimeResolverContext context)
         at Microsoft.Extensions.DependencyInjection.ServiceLookup.CallSiteVisitor`2.VisitCallSite(ServiceCallSite callSite, TArgument argument)
         at Microsoft.Extensions.DependencyInjection.ServiceLookup.CallSiteRuntimeResolver.VisitConstructor(ConstructorCallSite constructorCallSite, RuntimeResolverContext context)
         at Microsoft.Extensions.DependencyInjection.ServiceLookup.CallSiteVisitor`2.VisitCallSiteMain(ServiceCallSite callSite, TArgument argument)
         at Microsoft.Extensions.DependencyInjection.ServiceLookup.CallSiteRuntimeResolver.VisitCache(ServiceCallSite callSite, RuntimeResolverContext context, ServiceProviderEngineScope serviceProviderEngine, RuntimeResolverLock lockType)
         at Microsoft.Extensions.DependencyInjection.ServiceLookup.CallSiteRuntimeResolver.VisitScopeCache(ServiceCallSite callSite, RuntimeResolverContext context)
         at Microsoft.Extensions.DependencyInjection.ServiceLookup.CallSiteVisitor`2.VisitCallSite(ServiceCallSite callSite, TArgument argument)
         at Microsoft.Extensions.DependencyInjection.ServiceLookup.CallSiteRuntimeResolver.Resolve(ServiceCallSite callSite, ServiceProviderEngineScope scope)
         at Microsoft.Extensions.DependencyInjection.ServiceLookup.DynamicServiceProviderEngine.<>c__DisplayClass2_0.<RealizeService>b__0(ServiceProviderEngineScope scope)
         at Microsoft.Extensions.DependencyInjection.ServiceProvider.GetService(ServiceIdentifier serviceIdentifier, ServiceProviderEngineScope serviceProviderEngineScope)
         at Microsoft.Extensions.DependencyInjection.ServiceLookup.ServiceProviderEngineScope.GetService(Type serviceType)
         at Microsoft.Extensions.DependencyInjection.ServiceProviderServiceExtensions.GetRequiredService(IServiceProvider provider, Type serviceType)
         at Microsoft.Extensions.DependencyInjection.ServiceProviderServiceExtensions.GetRequiredService[T](IServiceProvider provider)
         at Microsoft.EntityFrameworkCore.DbContext.get_DbContextDependencies()
         at Microsoft.EntityFrameworkCore.DbContext.get_ContextServices()
         at Microsoft.EntityFrameworkCore.DbContext.get_InternalServiceProvider()
         at Microsoft.EntityFrameworkCore.DbContext.get_DbContextDependencies()
         at Microsoft.EntityFrameworkCore.DbContext.Set[TEntity]()
         at Prueba1.Infrastructure.Data.ApplicationDbContext.get_PasswordResetTokens() in C:\Users\czalb\Downloads\edelion\ImpactX-backend-apis\ImpactXv1\Infrastructure\Data\ApplicationDbContext.cs:line 15
         at Prueba1.Infrastructure.Data.Repositories.EF.PasswordResetTokenRepository.GetByTokenAsync(String token) in C:\Users\czalb\Downloads\edelion\ImpactX-backend-apis\ImpactXv1\Infrastructure\Data\Repositories\EF\PasswordResetTokenRepository.cs:line 18
         at Prueba1.Services.AuthService.ResetPasswordAsync(ResetPasswordRequest request) in C:\Users\czalb\Downloads\edelion\ImpactX-backend-apis\ImpactXv1\Services\AuthService.cs:line 136
         at Prueba1.Controllers.AuthController.ResetPassword(ResetPasswordRequest request) in C:\Users\czalb\Downloads\edelion\ImpactX-backend-apis\ImpactXv1\Controllers\AuthController.cs:line 56
         at Microsoft.AspNetCore.Mvc.Infrastructure.ActionMethodExecutor.TaskOfIActionResultExecutor.Execute(ActionContext actionContext, IActionResultTypeMapper mapper, ObjectMethodExecutor executor, Object controller, Object[] arguments)
         at Microsoft.AspNetCore.Mvc.Infrastructure.ControllerActionInvoker.<InvokeActionMethodAsync>g__Awaited|12_0(ControllerActionInvoker invoker, ValueTask`1 actionResultValueTask)
         at Microsoft.AspNetCore.Mvc.Infrastructure.ControllerActionInvoker.<InvokeNextActionFilterAsync>g__Awaited|10_0(ControllerActionInvoker invoker, Task lastTask, State next, Scope scope, Object state, Boolean isCompleted)
         at Microsoft.AspNetCore.Mvc.Infrastructure.ControllerActionInvoker.Rethrow(ActionExecutedContextSealed context)
         at Microsoft.AspNetCore.Mvc.Infrastructure.ControllerActionInvoker.Next(State& next, Scope& scope, Object& state, Boolean& isCompleted)
         at Microsoft.AspNetCore.Mvc.Infrastructure.ControllerActionInvoker.InvokeInnerFilterAsync()
      --- End of stack trace from previous location ---
         at Microsoft.AspNetCore.Mvc.Infrastructure.ResourceInvoker.<InvokeFilterPipelineAsync>g__Awaited|20_0(ResourceInvoker invoker, Task lastTask, State next, Scope scope, Object state, Boolean isCompleted)
         at Microsoft.AspNetCore.Mvc.Infrastructure.ResourceInvoker.<InvokeAsync>g__Logged|17_1(ResourceInvoker invoker)
         at Microsoft.AspNetCore.Mvc.Infrastructure.ResourceInvoker.<InvokeAsync>g__Logged|17_1(ResourceInvoker invoker)
         at Microsoft.AspNetCore.Routing.EndpointMiddleware.<Invoke>g__AwaitRequestTask|7_0(Endpoint endpoint, Task requestTask, ILogger logger)
         at Microsoft.AspNetCore.Authorization.AuthorizationMiddleware.Invoke(HttpContext context)
         at Microsoft.AspNetCore.Authentication.AuthenticationMiddleware.Invoke(HttpContext context)
         at Swashbuckle.AspNetCore.SwaggerUI.SwaggerUIMiddleware.Invoke(HttpContext httpContext)
         at Prueba1.Middleware.SecurityHeadersMiddleware.InvokeAsync(HttpContext context) in C:\Users\czalb\Downloads\edelion\ImpactX-backend-apis\ImpactXv1\Middleware\SecurityHeadersMiddleware.cs:line 26
         at Prueba1.Middleware.RequestLoggingMiddleware.InvokeAsync(HttpContext context) in C:\Users\czalb\Downloads\edelion\ImpactX-backend-apis\ImpactXv1\Middleware\RequestLoggingMiddleware.cs:line 22
         at Prueba1.Middleware.ExceptionHandlingMiddleware.InvokeAsync(HttpContext context) in C:\Users\czalb\Downloads\edelion\ImpactX-backend-apis\ImpactXv1\Middleware\ExceptionHandlingMiddleware.cs:line 22
info: Microsoft.AspNetCore.Hosting.Diagnostics[2]
      Request finished HTTP/1.1 POST http://localhost/api/auth/reset-password - 500 - application/json 43.1646ms
[xUnit.net 00:00:02.91]       Assert.Equal() Failure: Values differ
[xUnit.net 00:00:02.91]       Expected: BadRequest
[xUnit.net 00:00:02.91]       Actual:   InternalServerError
[xUnit.net 00:00:02.91]       Stack Trace:
[xUnit.net 00:00:02.91]         C:\Users\czalb\Downloads\edelion\ImpactX-backend-apis\Prueba1.Tests\Integration\AuthControllerTests.cs(122,0): at Prueba1.Tests.Integration.AuthControllerTests.ResetPassword_WithInvalidToken_ReturnsBadRequest()
[xUnit.net 00:00:02.91]         --- End of stack trace from previous location ---
info: Microsoft.AspNetCore.Hosting.Diagnostics[1]
      Request starting HTTP/1.1 DELETE http://localhost/api/auth/sessions/d361d722-666c-479d-aa5e-d7e3a6687778 - - -
info: Microsoft.AspNetCore.Authorization.DefaultAuthorizationService[2]
      Authorization failed. These requirements were not met:
      DenyAnonymousAuthorizationRequirement: Requires an authenticated user.
info: Microsoft.AspNetCore.Authentication.JwtBearer.JwtBearerHandler[12]
      AuthenticationScheme: Bearer was challenged.
info: Prueba1.Middleware.RequestLoggingMiddleware[0]
      DELETE /api/auth/sessions/d361d722-666c-479d-aa5e-d7e3a6687778 responded 401 in 0ms
info: Microsoft.AspNetCore.Hosting.Diagnostics[2]
      Request finished HTTP/1.1 DELETE http://localhost/api/auth/sessions/d361d722-666c-479d-aa5e-d7e3a6687778 - 401 - - 1.0119ms
dbug: Microsoft.Extensions.Hosting.Internal.Host[3]
      Hosting stopping
info: Microsoft.Hosting.Lifetime[0]
      Application is shutting down...
dbug: Microsoft.Extensions.Hosting.Internal.Host[3]
      Hosting stopping
dbug: Microsoft.Extensions.Hosting.Internal.Host[4]
      Hosting stopped
dbug: Microsoft.Extensions.Hosting.Internal.Host[4]
      Hosting stopped
[xUnit.net 00:00:02.95]   Finished:    Prueba1.Tests
  Correctas Prueba1.Tests.Integration.AuthControllerTests.DeleteAccount_WithoutAuth_ReturnsUnauthorized [5 ms]
  Correctas Prueba1.Tests.Integration.AuthControllerTests.GetSessions_WithoutAuth_ReturnsUnauthorized [5 ms]
  Con error Prueba1.Tests.Integration.AuthControllerTests.ResetPassword_WithInvalidToken_ReturnsBadRequest [50 ms]
  Mensaje de error:
   Assert.Equal() Failure: Values differ
Expected: BadRequest
Actual:   InternalServerError
  Seguimiento de la pila:
     at Prueba1.Tests.Integration.AuthControllerTests.ResetPassword_WithInvalidToken_ReturnsBadRequest() in C:\Users\czalb\Downloads\edelion\ImpactX-backend-apis\Prueba1.Tests\Integration\AuthControllerTests.cs:line 122
--- End of stack trace from previous location ---
  Correctas Prueba1.Tests.Integration.AuthControllerTests.DeleteSession_WithoutAuth_ReturnsUnauthorized [5 ms]

Pruebas totales: 28
     Correcto: 21
     Incorrecto: 7
 Tiempo total: 4,0947 Segundos
